../Core/Src/main.c:100:5:main	40	static
../Core/Src/main.c:231:6:SystemClock_Config	96	static
../Core/Src/main.c:275:13:MX_ADC1_Init	32	static
../Core/Src/main.c:333:13:MX_TIM2_Init	64	static
../Core/Src/main.c:392:13:MX_USART1_UART_Init	8	static
../Core/Src/main.c:425:13:MX_DMA_Init	16	static
../Core/Src/main.c:453:13:MX_GPIO_Init	16	static
../Core/Src/main.c:483:6:HAL_UART_RxCpltCallback	16	static
../Core/Src/main.c:523:6:HAL_UART_ErrorCallback	16	static
../Core/Src/main.c:538:6:Error_Handler	4	static,ignoring_inline_asm
