../Core/Src/main.c:99:5:main	40	static
../Core/Src/main.c:217:6:SystemClock_Config	96	static
../Core/Src/main.c:261:13:MX_ADC1_Init	32	static
../Core/Src/main.c:319:13:MX_TIM2_Init	64	static
../Core/Src/main.c:378:13:MX_USART1_UART_Init	8	static
../Core/Src/main.c:411:13:MX_DMA_Init	16	static
../Core/Src/main.c:439:13:MX_GPIO_Init	16	static
../Core/Src/main.c:469:6:HAL_UART_RxCpltCallback	16	static
../Core/Src/main.c:507:6:HAL_UART_ErrorCallback	16	static
../Core/Src/main.c:522:6:Error_Handler	4	static,ignoring_inline_asm
