Archive member included to satisfy reference by file (symbol)

c:/st/stm32cubeide_1.5.1/stm32cubeide/plugins/com.st.stm32cube.ide.mcu.externaltools.gnu-tools-for-stm32.10.3-2021.10.win32_1.0.200.202301161003/tools/bin/../lib/gcc/arm-none-eabi/10.3.1/../../../../arm-none-eabi/lib/thumb/v7e-m+fp/hard\libc_nano.a(lib_a-errno.o)
                              ./Core/Src/syscalls.o (__errno)
c:/st/stm32cubeide_1.5.1/stm32cubeide/plugins/com.st.stm32cube.ide.mcu.externaltools.gnu-tools-for-stm32.10.3-2021.10.win32_1.0.200.202301161003/tools/bin/../lib/gcc/arm-none-eabi/10.3.1/../../../../arm-none-eabi/lib/thumb/v7e-m+fp/hard\libc_nano.a(lib_a-exit.o)
                              c:/st/stm32cubeide_1.5.1/stm32cubeide/plugins/com.st.stm32cube.ide.mcu.externaltools.gnu-tools-for-stm32.10.3-2021.10.win32_1.0.200.202301161003/tools/bin/../lib/gcc/arm-none-eabi/10.3.1/../../../../arm-none-eabi/lib/thumb/v7e-m+fp/hard/crt0.o (exit)
c:/st/stm32cubeide_1.5.1/stm32cubeide/plugins/com.st.stm32cube.ide.mcu.externaltools.gnu-tools-for-stm32.10.3-2021.10.win32_1.0.200.202301161003/tools/bin/../lib/gcc/arm-none-eabi/10.3.1/../../../../arm-none-eabi/lib/thumb/v7e-m+fp/hard\libc_nano.a(lib_a-impure.o)
                              c:/st/stm32cubeide_1.5.1/stm32cubeide/plugins/com.st.stm32cube.ide.mcu.externaltools.gnu-tools-for-stm32.10.3-2021.10.win32_1.0.200.202301161003/tools/bin/../lib/gcc/arm-none-eabi/10.3.1/../../../../arm-none-eabi/lib/thumb/v7e-m+fp/hard\libc_nano.a(lib_a-exit.o) (_global_impure_ptr)
c:/st/stm32cubeide_1.5.1/stm32cubeide/plugins/com.st.stm32cube.ide.mcu.externaltools.gnu-tools-for-stm32.10.3-2021.10.win32_1.0.200.202301161003/tools/bin/../lib/gcc/arm-none-eabi/10.3.1/../../../../arm-none-eabi/lib/thumb/v7e-m+fp/hard\libc_nano.a(lib_a-init.o)
                              c:/st/stm32cubeide_1.5.1/stm32cubeide/plugins/com.st.stm32cube.ide.mcu.externaltools.gnu-tools-for-stm32.10.3-2021.10.win32_1.0.200.202301161003/tools/bin/../lib/gcc/arm-none-eabi/10.3.1/../../../../arm-none-eabi/lib/thumb/v7e-m+fp/hard/crt0.o (__libc_init_array)
c:/st/stm32cubeide_1.5.1/stm32cubeide/plugins/com.st.stm32cube.ide.mcu.externaltools.gnu-tools-for-stm32.10.3-2021.10.win32_1.0.200.202301161003/tools/bin/../lib/gcc/arm-none-eabi/10.3.1/../../../../arm-none-eabi/lib/thumb/v7e-m+fp/hard\libc_nano.a(lib_a-malloc.o)
                              ./Core/Library/Src/canvas.o (malloc)
c:/st/stm32cubeide_1.5.1/stm32cubeide/plugins/com.st.stm32cube.ide.mcu.externaltools.gnu-tools-for-stm32.10.3-2021.10.win32_1.0.200.202301161003/tools/bin/../lib/gcc/arm-none-eabi/10.3.1/../../../../arm-none-eabi/lib/thumb/v7e-m+fp/hard\libc_nano.a(lib_a-memset.o)
                              c:/st/stm32cubeide_1.5.1/stm32cubeide/plugins/com.st.stm32cube.ide.mcu.externaltools.gnu-tools-for-stm32.10.3-2021.10.win32_1.0.200.202301161003/tools/bin/../lib/gcc/arm-none-eabi/10.3.1/../../../../arm-none-eabi/lib/thumb/v7e-m+fp/hard/crt0.o (memset)
c:/st/stm32cubeide_1.5.1/stm32cubeide/plugins/com.st.stm32cube.ide.mcu.externaltools.gnu-tools-for-stm32.10.3-2021.10.win32_1.0.200.202301161003/tools/bin/../lib/gcc/arm-none-eabi/10.3.1/../../../../arm-none-eabi/lib/thumb/v7e-m+fp/hard\libc_nano.a(lib_a-nano-freer.o)
                              c:/st/stm32cubeide_1.5.1/stm32cubeide/plugins/com.st.stm32cube.ide.mcu.externaltools.gnu-tools-for-stm32.10.3-2021.10.win32_1.0.200.202301161003/tools/bin/../lib/gcc/arm-none-eabi/10.3.1/../../../../arm-none-eabi/lib/thumb/v7e-m+fp/hard\libc_nano.a(lib_a-malloc.o) (_free_r)
c:/st/stm32cubeide_1.5.1/stm32cubeide/plugins/com.st.stm32cube.ide.mcu.externaltools.gnu-tools-for-stm32.10.3-2021.10.win32_1.0.200.202301161003/tools/bin/../lib/gcc/arm-none-eabi/10.3.1/../../../../arm-none-eabi/lib/thumb/v7e-m+fp/hard\libc_nano.a(lib_a-nano-mallocr.o)
                              c:/st/stm32cubeide_1.5.1/stm32cubeide/plugins/com.st.stm32cube.ide.mcu.externaltools.gnu-tools-for-stm32.10.3-2021.10.win32_1.0.200.202301161003/tools/bin/../lib/gcc/arm-none-eabi/10.3.1/../../../../arm-none-eabi/lib/thumb/v7e-m+fp/hard\libc_nano.a(lib_a-malloc.o) (_malloc_r)
c:/st/stm32cubeide_1.5.1/stm32cubeide/plugins/com.st.stm32cube.ide.mcu.externaltools.gnu-tools-for-stm32.10.3-2021.10.win32_1.0.200.202301161003/tools/bin/../lib/gcc/arm-none-eabi/10.3.1/../../../../arm-none-eabi/lib/thumb/v7e-m+fp/hard\libc_nano.a(lib_a-sbrkr.o)
                              c:/st/stm32cubeide_1.5.1/stm32cubeide/plugins/com.st.stm32cube.ide.mcu.externaltools.gnu-tools-for-stm32.10.3-2021.10.win32_1.0.200.202301161003/tools/bin/../lib/gcc/arm-none-eabi/10.3.1/../../../../arm-none-eabi/lib/thumb/v7e-m+fp/hard\libc_nano.a(lib_a-nano-mallocr.o) (_sbrk_r)
c:/st/stm32cubeide_1.5.1/stm32cubeide/plugins/com.st.stm32cube.ide.mcu.externaltools.gnu-tools-for-stm32.10.3-2021.10.win32_1.0.200.202301161003/tools/bin/../lib/gcc/arm-none-eabi/10.3.1/../../../../arm-none-eabi/lib/thumb/v7e-m+fp/hard\libc_nano.a(lib_a-mlock.o)
[...]
Memory Configuration

Name             Origin             Length             Attributes
RAM              0x0000000020000000 0x0000000000010000 xrw
RAM2             0x0000000010000000 0x0000000000004000 xrw
FLASH            0x0000000008000000 0x0000000000040000 xr
*default*        0x0000000000000000 0xffffffffffffffff

Linker script and memory map

LOAD c:/st/stm32cubeide_1.5.1/stm32cubeide/plugins/com.st.stm32cube.ide.mcu.externaltools.gnu-tools-for-stm32.10.3-2021.10.win32_1.0.200.202301161003/tools/bin/../lib/gcc/arm-none-eabi/10.3.1/thumb/v7e-m+fp/hard/crti.o
LOAD c:/st/stm32cubeide_1.5.1/stm32cubeide/plugins/com.st.stm32cube.ide.mcu.externaltools.gnu-tools-for-stm32.10.3-2021.10.win32_1.0.200.202301161003/tools/bin/../lib/gcc/arm-none-eabi/10.3.1/thumb/v7e-m+fp/hard/crtbegin.o
LOAD c:/st/stm32cubeide_1.5.1/stm32cubeide/plugins/com.st.stm32cube.ide.mcu.externaltools.gnu-tools-for-stm32.10.3-2021.10.win32_1.0.200.202301161003/tools/bin/../lib/gcc/arm-none-eabi/10.3.1/../../../../arm-none-eabi/lib/thumb/v7e-m+fp/hard/crt0.o
LOAD ./Core/Library/Src/BadApple_data.o
LOAD ./Core/Library/Src/NotPickleRick_data.o
LOAD ./Core/Library/Src/canvas.o
LOAD ./Core/Library/Src/color.o
LOAD ./Core/Library/Src/ws2812.o
LOAD ./Core/Src/main.o
LOAD ./Core/Src/stm32l4xx_hal_msp.o
LOAD ./Core/Src/stm32l4xx_it.o
LOAD ./Core/Src/syscalls.o
LOAD ./Core/Src/sysmem.o
LOAD ./Core/Src/system_stm32l4xx.o
LOAD ./Core/Startup/startup_stm32l432kcux.o
LOAD ./Drivers/STM32L4xx_HAL_Driver/Src/stm32l4xx_hal.o
LOAD ./Drivers/STM32L4xx_HAL_Driver/Src/stm32l4xx_hal_adc.o
LOAD ./Drivers/STM32L4xx_HAL_Driver/Src/stm32l4xx_hal_adc_ex.o
LOAD ./Drivers/STM32L4xx_HAL_Driver/Src/stm32l4xx_hal_cortex.o
LOAD ./Drivers/STM32L4xx_HAL_Driver/Src/stm32l4xx_hal_dma.o
LOAD ./Drivers/STM32L4xx_HAL_Driver/Src/stm32l4xx_hal_dma_ex.o
LOAD ./Drivers/STM32L4xx_HAL_Driver/Src/stm32l4xx_hal_exti.o
LOAD ./Drivers/STM32L4xx_HAL_Driver/Src/stm32l4xx_hal_flash.o
LOAD ./Drivers/STM32L4xx_HAL_Driver/Src/stm32l4xx_hal_flash_ex.o
LOAD ./Drivers/STM32L4xx_HAL_Driver/Src/stm32l4xx_hal_flash_ramfunc.o
LOAD ./Drivers/STM32L4xx_HAL_Driver/Src/stm32l4xx_hal_gpio.o
LOAD ./Drivers/STM32L4xx_HAL_Driver/Src/stm32l4xx_hal_pwr.o
LOAD ./Drivers/STM32L4xx_HAL_Driver/Src/stm32l4xx_hal_pwr_ex.o
LOAD ./Drivers/STM32L4xx_HAL_Driver/Src/stm32l4xx_hal_rcc.o
LOAD ./Drivers/STM32L4xx_HAL_Driver/Src/stm32l4xx_hal_rcc_ex.o
LOAD ./Drivers/STM32L4xx_HAL_Driver/Src/stm32l4xx_hal_tim.o
LOAD ./Drivers/STM32L4xx_HAL_Driver/Src/stm32l4xx_hal_tim_ex.o
LOAD ./Drivers/STM32L4xx_HAL_Driver/Src/stm32l4xx_hal_uart.o
LOAD ./Drivers/STM32L4xx_HAL_Driver/Src/stm32l4xx_hal_uart_ex.o
START GROUP
LOAD c:/st/stm32cubeide_1.5.1/stm32cubeide/plugins/com.st.stm32cube.ide.mcu.externaltools.gnu-tools-for-stm32.10.3-2021.10.win32_1.0.200.202301161003/tools/bin/../lib/gcc/arm-none-eabi/10.3.1/../../../../arm-none-eabi/lib/thumb/v7e-m+fp/hard\libc_nano.a
LOAD c:/st/stm32cubeide_1.5.1/stm32cubeide/plugins/com.st.stm32cube.ide.mcu.externaltools.gnu-tools-for-stm32.10.3-2021.10.win32_1.0.200.202301161003/tools/bin/../lib/gcc/arm-none-eabi/10.3.1/../../../../arm-none-eabi/lib/thumb/v7e-m+fp/hard\libm.a
END GROUP
START GROUP
LOAD c:/st/stm32cubeide_1.5.1/stm32cubeide/plugins/com.st.stm32cube.ide.mcu.externaltools.gnu-tools-for-stm32.10.3-2021.10.win32_1.0.200.202301161003/tools/bin/../lib/gcc/arm-none-eabi/10.3.1/thumb/v7e-m+fp/hard\libgcc.a
LOAD c:/st/stm32cubeide_1.5.1/stm32cubeide/plugins/com.st.stm32cube.ide.mcu.externaltools.gnu-tools-for-stm32.10.3-2021.10.win32_1.0.200.202301161003/tools/bin/../lib/gcc/arm-none-eabi/10.3.1/../../../../arm-none-eabi/lib/thumb/v7e-m+fp/hard\libc_nano.a
END GROUP
START GROUP
LOAD c:/st/stm32cubeide_1.5.1/stm32cubeide/plugins/com.st.stm32cube.ide.mcu.externaltools.gnu-tools-for-stm32.10.3-2021.10.win32_1.0.200.202301161003/tools/bin/../lib/gcc/arm-none-eabi/10.3.1/thumb/v7e-m+fp/hard\libgcc.a
LOAD c:/st/stm32cubeide_1.5.1/stm32cubeide/plugins/com.st.stm32cube.ide.mcu.externaltools.gnu-tools-for-stm32.10.3-2021.10.win32_1.0.200.202301161003/tools/bin/../lib/gcc/arm-none-eabi/10.3.1/../../../../arm-none-eabi/lib/thumb/v7e-m+fp/hard\libc_nano.a
LOAD c:/st/stm32cubeide_1.5.1/stm32cubeide/plugins/com.st.stm32cube.ide.mcu.externaltools.gnu-tools-for-stm32.10.3-2021.10.win32_1.0.200.202301161003/tools/bin/../lib/gcc/arm-none-eabi/10.3.1/../../../../arm-none-eabi/lib/thumb/v7e-m+fp/hard\libnosys.a
END GROUP
START GROUP
LOAD c:/st/stm32cubeide_1.5.1/stm32cubeide/plugins/com.st.stm32cube.ide.mcu.externaltools.gnu-tools-for-stm32.10.3-2021.10.win32_1.0.200.202301161003/tools/bin/../lib/gcc/arm-none-eabi/10.3.1/thumb/v7e-m+fp/hard\libgcc.a
LOAD c:/st/stm32cubeide_1.5.1/stm32cubeide/plugins/com.st.stm32cube.ide.mcu.externaltools.gnu-tools-for-stm32.10.3-2021.10.win32_1.0.200.202301161003/tools/bin/../lib/gcc/arm-none-eabi/10.3.1/../../../../arm-none-eabi/lib/thumb/v7e-m+fp/hard\libc_nano.a
LOAD c:/st/stm32cubeide_1.5.1/stm32cubeide/plugins/com.st.stm32cube.ide.mcu.externaltools.gnu-tools-for-stm32.10.3-2021.10.win32_1.0.200.202301161003/tools/bin/../lib/gcc/arm-none-eabi/10.3.1/../../../../arm-none-eabi/lib/thumb/v7e-m+fp/hard\libnosys.a
END GROUP
LOAD c:/st/stm32cubeide_1.5.1/stm32cubeide/plugins/com.st.stm32cube.ide.mcu.externaltools.gnu-tools-for-stm32.10.3-2021.10.win32_1.0.200.202301161003/tools/bin/../lib/gcc/arm-none-eabi/10.3.1/thumb/v7e-m+fp/hard/crtend.o
LOAD c:/st/stm32cubeide_1.5.1/stm32cubeide/plugins/com.st.stm32cube.ide.mcu.externaltools.gnu-tools-for-stm32.10.3-2021.10.win32_1.0.200.202301161003/tools/bin/../lib/gcc/arm-none-eabi/10.3.1/thumb/v7e-m+fp/hard/crtn.o
                0x0000000020010000                _estack = (ORIGIN (RAM) + LENGTH (RAM))
                0x0000000000000200                _Min_Heap_Size = 0x200
                0x0000000000000400                _Min_Stack_Size = 0x400

.isr_vector     0x0000000008000000      0x18c
                0x0000000008000000                . = ALIGN (0x4)
 *(.isr_vector)
 .isr_vector    0x0000000008000000      0x18c ./Core/Startup/startup_stm32l432kcux.o
                0x0000000008000000                g_pfnVectors
                0x000000000800018c                . = ALIGN (0x4)

.text           0x000000000800018c     0x61ec
                0x000000000800018c                . = ALIGN (0x4)
 *(.text)
 .text          0x000000000800018c       0x40 c:/st/stm32cubeide_1.5.1/stm32cubeide/plugins/com.st.stm32cube.ide.mcu.externaltools.gnu-tools-for-stm32.10.3-2021.10.win32_1.0.200.202301161003/tools/bin/../lib/gcc/arm-none-eabi/10.3.1/thumb/v7e-m+fp/hard/crtbegin.o
 .text          0x00000000080001cc       0x30 c:/st/stm32cubeide_1.5.1/stm32cubeide/plugins/com.st.stm32cube.ide.mcu.externaltools.gnu-tools-for-stm32.10.3-2021.10.win32_1.0.200.202301161003/tools/bin/../lib/gcc/arm-none-eabi/10.3.1/thumb/v7e-m+fp/hard\libgcc.a(_aeabi_uldivmod.o)
                0x00000000080001cc                __aeabi_uldivmod
 .text          0x00000000080001fc      0x2d0 c:/st/stm32cubeide_1.5.1/stm32cubeide/plugins/com.st.stm32cube.ide.mcu.externaltools.gnu-tools-for-stm32.10.3-2021.10.win32_1.0.200.202301161003/tools/bin/../lib/gcc/arm-none-eabi/10.3.1/thumb/v7e-m+fp/hard\libgcc.a(_udivmoddi4.o)
                0x00000000080001fc                __udivmoddi4
 .text          0x00000000080004cc        0x4 c:/st/stm32cubeide_1.5.1/stm32cubeide/plugins/com.st.stm32cube.ide.mcu.externaltools.gnu-tools-for-stm32.10.3-2021.10.win32_1.0.200.202301161003/tools/bin/../lib/gcc/arm-none-eabi/10.3.1/thumb/v7e-m+fp/hard\libgcc.a(_dvmd_tls.o)
                0x00000000080004cc                __aeabi_idiv0
                0x00000000080004cc                __aeabi_ldiv0
 *(.text*)
 .text.sendCanvas
                0x00000000080004d0       0x6c ./Core/Library/Src/canvas.o
                0x00000000080004d0                sendCanvas
 .text.getPixel
                0x000000000800053c       0x5c ./Core/Library/Src/canvas.o
                0x000000000800053c                getPixel
 .text.drawImage
                0x0000000008000598       0xf8 ./Core/Library/Src/canvas.o
                0x0000000008000598                drawImage
 .text.drawIndexedImage
                0x0000000008000690       0x4c ./Core/Library/Src/canvas.o
                0x0000000008000690                drawIndexedImage
 .text.convertIndexedToRGBA
                0x00000000080006dc      0x14c ./Core/Library/Src/canvas.o
                0x00000000080006dc                convertIndexedToRGBA
 .text.ws2812_start
                0x0000000008000828       0x30 ./Core/Library/Src/ws2812.o
                0x0000000008000828                ws2812_start
 .text.setLEDcolor
                0x0000000008000858      0x114 ./Core/Library/Src/ws2812.o
                0x0000000008000858                setLEDcolor
 .text.fillBufferBlack
                0x000000000800096c       0x94 ./Core/Library/Src/ws2812.o
                0x000000000800096c                fillBufferBlack
 .text.main     0x0000000008000a00       0xac ./Core/Src/main.o
                0x0000000008000a00                main
 .text.SystemClock_Config
                0x0000000008000aac       0x8a ./Core/Src/main.o
                0x0000000008000aac                SystemClock_Config
 *fill*         0x0000000008000b36        0x2 
 .text.MX_ADC1_Init
                0x0000000008000b38       0xc8 ./Core/Src/main.o
 .text.MX_TIM2_Init
                0x0000000008000c00       0xec ./Core/Src/main.o
 .text.MX_USART1_UART_Init
                0x0000000008000cec       0x60 ./Core/Src/main.o
 .text.MX_DMA_Init
                0x0000000008000d4c       0x5c ./Core/Src/main.o
 .text.MX_GPIO_Init
                0x0000000008000da8       0x48 ./Core/Src/main.o
 .text.Error_Handler
                0x0000000008000df0        0xa ./Core/Src/main.o
                0x0000000008000df0                Error_Handler
 *fill*         0x0000000008000dfa        0x2 
 .text.HAL_MspInit
                0x0000000008000dfc       0x48 ./Core/Src/stm32l4xx_hal_msp.o
                0x0000000008000dfc                HAL_MspInit
 .text.HAL_ADC_MspInit
                0x0000000008000e44      0x108 ./Core/Src/stm32l4xx_hal_msp.o
                0x0000000008000e44                HAL_ADC_MspInit
 .text.HAL_TIM_Base_MspInit
                0x0000000008000f4c       0x94 ./Core/Src/stm32l4xx_hal_msp.o
                0x0000000008000f4c                HAL_TIM_Base_MspInit
 .text.HAL_TIM_MspPostInit
                0x0000000008000fe0       0x68 ./Core/Src/stm32l4xx_hal_msp.o
                0x0000000008000fe0                HAL_TIM_MspPostInit
 .text.HAL_UART_MspInit
                0x0000000008001048      0x11c ./Core/Src/stm32l4xx_hal_msp.o
                0x0000000008001048                HAL_UART_MspInit
 .text.NMI_Handler
                0x0000000008001164        0x6 ./Core/Src/stm32l4xx_it.o
                0x0000000008001164                NMI_Handler
 .text.HardFault_Handler
                0x000000000800116a        0x6 ./Core/Src/stm32l4xx_it.o
                0x000000000800116a                HardFault_Handler
 .text.MemManage_Handler
                0x0000000008001170        0x6 ./Core/Src/stm32l4xx_it.o
                0x0000000008001170                MemManage_Handler
 .text.BusFault_Handler
                0x0000000008001176        0x6 ./Core/Src/stm32l4xx_it.o
                0x0000000008001176                BusFault_Handler
 .text.UsageFault_Handler
                0x000000000800117c        0x6 ./Core/Src/stm32l4xx_it.o
                0x000000000800117c                UsageFault_Handler
 .text.SVC_Handler
                0x0000000008001182        0xe ./Core/Src/stm32l4xx_it.o
                0x0000000008001182                SVC_Handler
 .text.DebugMon_Handler
                0x0000000008001190        0xe ./Core/Src/stm32l4xx_it.o
                0x0000000008001190                DebugMon_Handler
 .text.PendSV_Handler
                0x000000000800119e        0xe ./Core/Src/stm32l4xx_it.o
                0x000000000800119e                PendSV_Handler
 .text.SysTick_Handler
                0x00000000080011ac        0xc ./Core/Src/stm32l4xx_it.o
                0x00000000080011ac                SysTick_Handler
 .text.DMA1_Channel1_IRQHandler
                0x00000000080011b8       0x14 ./Core/Src/stm32l4xx_it.o
                0x00000000080011b8                DMA1_Channel1_IRQHandler
 .text.DMA1_Channel4_IRQHandler
                0x00000000080011cc       0x14 ./Core/Src/stm32l4xx_it.o
                0x00000000080011cc                DMA1_Channel4_IRQHandler
 .text.DMA1_Channel5_IRQHandler
                0x00000000080011e0       0x14 ./Core/Src/stm32l4xx_it.o
                0x00000000080011e0                DMA1_Channel5_IRQHandler
 .text.USART1_IRQHandler
                0x00000000080011f4       0x14 ./Core/Src/stm32l4xx_it.o
                0x00000000080011f4                USART1_IRQHandler
 .text._sbrk    0x0000000008001208       0x6c ./Core/Src/sysmem.o
                0x0000000008001208                _sbrk
 .text.SystemInit
                0x0000000008001274       0x24 ./Core/Src/system_stm32l4xx.o
                0x0000000008001274                SystemInit
 .text.Reset_Handler
                0x0000000008001298       0x50 ./Core/Startup/startup_stm32l432kcux.o
                0x0000000008001298                Reset_Handler
 .text.Default_Handler
                0x00000000080012e8        0x2 ./Core/Startup/startup_stm32l432kcux.o
                0x00000000080012e8                RTC_Alarm_IRQHandler
                0x00000000080012e8                EXTI2_IRQHandler
                0x00000000080012e8                TIM1_CC_IRQHandler
                0x00000000080012e8                TSC_IRQHandler
                0x00000000080012e8                TAMP_STAMP_IRQHandler
                0x00000000080012e8                EXTI3_IRQHandler
                0x00000000080012e8                LPTIM2_IRQHandler
                0x00000000080012e8                I2C3_ER_IRQHandler
                0x00000000080012e8                EXTI0_IRQHandler
                0x00000000080012e8                CAN1_RX0_IRQHandler
                0x00000000080012e8                FPU_IRQHandler
                0x00000000080012e8                TIM1_UP_TIM16_IRQHandler
                0x00000000080012e8                SPI1_IRQHandler
                0x00000000080012e8                TIM6_DAC_IRQHandler
                0x00000000080012e8                DMA2_Channel2_IRQHandler
                0x00000000080012e8                ADC1_IRQHandler
                0x00000000080012e8                DMA1_Channel7_IRQHandler
                0x00000000080012e8                CAN1_RX1_IRQHandler
                0x00000000080012e8                DMA2_Channel1_IRQHandler
                0x00000000080012e8                QUADSPI_IRQHandler
                0x00000000080012e8                I2C1_EV_IRQHandler
                0x00000000080012e8                DMA1_Channel6_IRQHandler
                0x00000000080012e8                DMA2_Channel4_IRQHandler
                0x00000000080012e8                RCC_IRQHandler
                0x00000000080012e8                TIM1_TRG_COM_IRQHandler
                0x00000000080012e8                Default_Handler
                0x00000000080012e8                DMA2_Channel7_IRQHandler
                0x00000000080012e8                EXTI15_10_IRQHandler
                0x00000000080012e8                TIM7_IRQHandler
                0x00000000080012e8                I2C3_EV_IRQHandler
                0x00000000080012e8                USB_IRQHandler
                0x00000000080012e8                EXTI9_5_IRQHandler
                0x00000000080012e8                RTC_WKUP_IRQHandler
                0x00000000080012e8                PVD_PVM_IRQHandler
                0x00000000080012e8                CAN1_TX_IRQHandler
                0x00000000080012e8                DMA2_Channel5_IRQHandler
                0x00000000080012e8                CRS_IRQHandler
                0x00000000080012e8                EXTI4_IRQHandler
                0x00000000080012e8                RNG_IRQHandler
                0x00000000080012e8                DMA1_Channel3_IRQHandler
                0x00000000080012e8                COMP_IRQHandler
                0x00000000080012e8                WWDG_IRQHandler
                0x00000000080012e8                LPUART1_IRQHandler
                0x00000000080012e8                DMA2_Channel6_IRQHandler
                0x00000000080012e8                TIM2_IRQHandler
                0x00000000080012e8                EXTI1_IRQHandler
                0x00000000080012e8                USART2_IRQHandler
                0x00000000080012e8                DMA1_Channel2_IRQHandler
                0x00000000080012e8                CAN1_SCE_IRQHandler
                0x00000000080012e8                FLASH_IRQHandler
                0x00000000080012e8                SPI3_IRQHandler
                0x00000000080012e8                I2C1_ER_IRQHandler
                0x00000000080012e8                SWPMI1_IRQHandler
                0x00000000080012e8                LPTIM1_IRQHandler
                0x00000000080012e8                SAI1_IRQHandler
                0x00000000080012e8                DMA2_Channel3_IRQHandler
                0x00000000080012e8                TIM1_BRK_TIM15_IRQHandler
 .text.HAL_Init
                0x00000000080012ea       0x30 ./Drivers/STM32L4xx_HAL_Driver/Src/stm32l4xx_hal.o
                0x00000000080012ea                HAL_Init
 *fill*         0x000000000800131a        0x2 
 .text.HAL_InitTick
                0x000000000800131c       0x78 ./Drivers/STM32L4xx_HAL_Driver/Src/stm32l4xx_hal.o
                0x000000000800131c                HAL_InitTick
 .text.HAL_IncTick
                0x0000000008001394       0x28 ./Drivers/STM32L4xx_HAL_Driver/Src/stm32l4xx_hal.o
                0x0000000008001394                HAL_IncTick
 .text.HAL_GetTick
                0x00000000080013bc       0x18 ./Drivers/STM32L4xx_HAL_Driver/Src/stm32l4xx_hal.o
                0x00000000080013bc                HAL_GetTick
 .text.LL_ADC_SetCommonClock
                0x00000000080013d4       0x26 ./Drivers/STM32L4xx_HAL_Driver/Src/stm32l4xx_hal_adc.o
 .text.LL_ADC_SetCommonPathInternalCh
                0x00000000080013fa       0x26 ./Drivers/STM32L4xx_HAL_Driver/Src/stm32l4xx_hal_adc.o
 .text.LL_ADC_GetCommonPathInternalCh
                0x0000000008001420       0x1c ./Drivers/STM32L4xx_HAL_Driver/Src/stm32l4xx_hal_adc.o
 .text.LL_ADC_SetOffset
                0x000000000800143c       0x48 ./Drivers/STM32L4xx_HAL_Driver/Src/stm32l4xx_hal_adc.o
 .text.LL_ADC_GetOffsetChannel
                0x0000000008001484       0x2c ./Drivers/STM32L4xx_HAL_Driver/Src/stm32l4xx_hal_adc.o
 .text.LL_ADC_SetOffsetState
                0x00000000080014b0       0x36 ./Drivers/STM32L4xx_HAL_Driver/Src/stm32l4xx_hal_adc.o
 .text.LL_ADC_REG_SetSequencerRanks
                0x00000000080014e6       0x58 ./Drivers/STM32L4xx_HAL_Driver/Src/stm32l4xx_hal_adc.o
 .text.LL_ADC_SetChannelSamplingTime
                0x000000000800153e       0x56 ./Drivers/STM32L4xx_HAL_Driver/Src/stm32l4xx_hal_adc.o
 .text.LL_ADC_SetChannelSingleDiff
                0x0000000008001594       0x48 ./Drivers/STM32L4xx_HAL_Driver/Src/stm32l4xx_hal_adc.o
 .text.LL_ADC_DisableDeepPowerDown
                0x00000000080015dc       0x24 ./Drivers/STM32L4xx_HAL_Driver/Src/stm32l4xx_hal_adc.o
 .text.LL_ADC_IsDeepPowerDownEnabled
                0x0000000008001600       0x28 ./Drivers/STM32L4xx_HAL_Driver/Src/stm32l4xx_hal_adc.o
 .text.LL_ADC_EnableInternalRegulator
                0x0000000008001628       0x28 ./Drivers/STM32L4xx_HAL_Driver/Src/stm32l4xx_hal_adc.o
 .text.LL_ADC_IsInternalRegulatorEnabled
                0x0000000008001650       0x28 ./Drivers/STM32L4xx_HAL_Driver/Src/stm32l4xx_hal_adc.o
 .text.LL_ADC_IsEnabled
                0x0000000008001678       0x26 ./Drivers/STM32L4xx_HAL_Driver/Src/stm32l4xx_hal_adc.o
 .text.LL_ADC_REG_IsConversionOngoing
                0x000000000800169e       0x26 ./Drivers/STM32L4xx_HAL_Driver/Src/stm32l4xx_hal_adc.o
 .text.LL_ADC_INJ_IsConversionOngoing
                0x00000000080016c4       0x26 ./Drivers/STM32L4xx_HAL_Driver/Src/stm32l4xx_hal_adc.o
 *fill*         0x00000000080016ea        0x2 
 .text.HAL_ADC_Init
                0x00000000080016ec      0x290 ./Drivers/STM32L4xx_HAL_Driver/Src/stm32l4xx_hal_adc.o
                0x00000000080016ec                HAL_ADC_Init
 .text.HAL_ADC_ConfigChannel
                0x000000000800197c      0x7c0 ./Drivers/STM32L4xx_HAL_Driver/Src/stm32l4xx_hal_adc.o
                0x000000000800197c                HAL_ADC_ConfigChannel
 .text.__NVIC_SetPriorityGrouping
                0x000000000800213c       0x48 ./Drivers/STM32L4xx_HAL_Driver/Src/stm32l4xx_hal_cortex.o
 .text.__NVIC_GetPriorityGrouping
                0x0000000008002184       0x1c ./Drivers/STM32L4xx_HAL_Driver/Src/stm32l4xx_hal_cortex.o
 .text.__NVIC_EnableIRQ
                0x00000000080021a0       0x3c ./Drivers/STM32L4xx_HAL_Driver/Src/stm32l4xx_hal_cortex.o
 .text.__NVIC_SetPriority
                0x00000000080021dc       0x54 ./Drivers/STM32L4xx_HAL_Driver/Src/stm32l4xx_hal_cortex.o
 .text.NVIC_EncodePriority
                0x0000000008002230       0x66 ./Drivers/STM32L4xx_HAL_Driver/Src/stm32l4xx_hal_cortex.o
 *fill*         0x0000000008002296        0x2 
 .text.SysTick_Config
                0x0000000008002298       0x44 ./Drivers/STM32L4xx_HAL_Driver/Src/stm32l4xx_hal_cortex.o
 .text.HAL_NVIC_SetPriorityGrouping
                0x00000000080022dc       0x16 ./Drivers/STM32L4xx_HAL_Driver/Src/stm32l4xx_hal_cortex.o
                0x00000000080022dc                HAL_NVIC_SetPriorityGrouping
 .text.HAL_NVIC_SetPriority
                0x00000000080022f2       0x38 ./Drivers/STM32L4xx_HAL_Driver/Src/stm32l4xx_hal_cortex.o
                0x00000000080022f2                HAL_NVIC_SetPriority
 .text.HAL_NVIC_EnableIRQ
                0x000000000800232a       0x1c ./Drivers/STM32L4xx_HAL_Driver/Src/stm32l4xx_hal_cortex.o
                0x000000000800232a                HAL_NVIC_EnableIRQ
 .text.HAL_SYSTICK_Config
                0x0000000008002346       0x18 ./Drivers/STM32L4xx_HAL_Driver/Src/stm32l4xx_hal_cortex.o
                0x0000000008002346                HAL_SYSTICK_Config
 *fill*         0x000000000800235e        0x2 
 .text.HAL_DMA_Init
                0x0000000008002360      0x170 ./Drivers/STM32L4xx_HAL_Driver/Src/stm32l4xx_hal_dma.o
                0x0000000008002360                HAL_DMA_Init
 .text.HAL_DMA_Start_IT
                0x00000000080024d0       0xc0 ./Drivers/STM32L4xx_HAL_Driver/Src/stm32l4xx_hal_dma.o
                0x00000000080024d0                HAL_DMA_Start_IT
 .text.HAL_DMA_Abort
                0x0000000008002590       0x7c ./Drivers/STM32L4xx_HAL_Driver/Src/stm32l4xx_hal_dma.o
                0x0000000008002590                HAL_DMA_Abort
 .text.HAL_DMA_Abort_IT
                0x000000000800260c       0x82 ./Drivers/STM32L4xx_HAL_Driver/Src/stm32l4xx_hal_dma.o
                0x000000000800260c                HAL_DMA_Abort_IT
 .text.HAL_DMA_IRQHandler
                0x000000000800268e      0x15e ./Drivers/STM32L4xx_HAL_Driver/Src/stm32l4xx_hal_dma.o
                0x000000000800268e                HAL_DMA_IRQHandler
 .text.DMA_SetConfig
                0x00000000080027ec       0x60 ./Drivers/STM32L4xx_HAL_Driver/Src/stm32l4xx_hal_dma.o
 .text.HAL_GPIO_Init
                0x000000000800284c      0x2d4 ./Drivers/STM32L4xx_HAL_Driver/Src/stm32l4xx_hal_gpio.o
                0x000000000800284c                HAL_GPIO_Init
 .text.HAL_PWREx_GetVoltageRange
                0x0000000008002b20       0x1c ./Drivers/STM32L4xx_HAL_Driver/Src/stm32l4xx_hal_pwr_ex.o
                0x0000000008002b20                HAL_PWREx_GetVoltageRange
 .text.HAL_PWREx_ControlVoltageScaling
                0x0000000008002b3c       0xac ./Drivers/STM32L4xx_HAL_Driver/Src/stm32l4xx_hal_pwr_ex.o
                0x0000000008002b3c                HAL_PWREx_ControlVoltageScaling
 .text.HAL_RCC_OscConfig
                0x0000000008002be8      0x828 ./Drivers/STM32L4xx_HAL_Driver/Src/stm32l4xx_hal_rcc.o
                0x0000000008002be8                HAL_RCC_OscConfig
 .text.HAL_RCC_ClockConfig
                0x0000000008003410      0x200 ./Drivers/STM32L4xx_HAL_Driver/Src/stm32l4xx_hal_rcc.o
                0x0000000008003410                HAL_RCC_ClockConfig
 .text.HAL_RCC_GetSysClockFreq
                0x0000000008003610      0x118 ./Drivers/STM32L4xx_HAL_Driver/Src/stm32l4xx_hal_rcc.o
                0x0000000008003610                HAL_RCC_GetSysClockFreq
 .text.HAL_RCC_GetHCLKFreq
                0x0000000008003728       0x18 ./Drivers/STM32L4xx_HAL_Driver/Src/stm32l4xx_hal_rcc.o
                0x0000000008003728                HAL_RCC_GetHCLKFreq
 .text.HAL_RCC_GetPCLK1Freq
                0x0000000008003740       0x2c ./Drivers/STM32L4xx_HAL_Driver/Src/stm32l4xx_hal_rcc.o
                0x0000000008003740                HAL_RCC_GetPCLK1Freq
 .text.HAL_RCC_GetPCLK2Freq
                0x000000000800376c       0x2c ./Drivers/STM32L4xx_HAL_Driver/Src/stm32l4xx_hal_rcc.o
                0x000000000800376c                HAL_RCC_GetPCLK2Freq
 .text.RCC_SetFlashLatencyFromMSIRange
                0x0000000008003798       0xc0 ./Drivers/STM32L4xx_HAL_Driver/Src/stm32l4xx_hal_rcc.o
 .text.HAL_RCCEx_PeriphCLKConfig
                0x0000000008003858      0x3ec ./Drivers/STM32L4xx_HAL_Driver/Src/stm32l4xx_hal_rcc_ex.o
                0x0000000008003858                HAL_RCCEx_PeriphCLKConfig
 .text.RCCEx_PLLSAI1_Config
                0x0000000008003c44      0x1e4 ./Drivers/STM32L4xx_HAL_Driver/Src/stm32l4xx_hal_rcc_ex.o
 .text.HAL_TIM_Base_Init
                0x0000000008003e28       0xae ./Drivers/STM32L4xx_HAL_Driver/Src/stm32l4xx_hal_tim.o
                0x0000000008003e28                HAL_TIM_Base_Init
 .text.HAL_TIM_PWM_Init
                0x0000000008003ed6       0xae ./Drivers/STM32L4xx_HAL_Driver/Src/stm32l4xx_hal_tim.o
                0x0000000008003ed6                HAL_TIM_PWM_Init
 .text.HAL_TIM_PWM_MspInit
                0x0000000008003f84       0x14 ./Drivers/STM32L4xx_HAL_Driver/Src/stm32l4xx_hal_tim.o
                0x0000000008003f84                HAL_TIM_PWM_MspInit
 .text.HAL_TIM_PWM_Start_DMA
                0x0000000008003f98      0x3f0 ./Drivers/STM32L4xx_HAL_Driver/Src/stm32l4xx_hal_tim.o
                0x0000000008003f98                HAL_TIM_PWM_Start_DMA
 .text.HAL_TIM_PWM_ConfigChannel
                0x0000000008004388      0x228 ./Drivers/STM32L4xx_HAL_Driver/Src/stm32l4xx_hal_tim.o
                0x0000000008004388                HAL_TIM_PWM_ConfigChannel
 .text.HAL_TIM_ConfigClockSource
                0x00000000080045b0      0x192 ./Drivers/STM32L4xx_HAL_Driver/Src/stm32l4xx_hal_tim.o
                0x00000000080045b0                HAL_TIM_ConfigClockSource
 .text.HAL_TIM_PWM_PulseFinishedCallback
                0x0000000008004742       0x14 ./Drivers/STM32L4xx_HAL_Driver/Src/stm32l4xx_hal_tim.o
                0x0000000008004742                HAL_TIM_PWM_PulseFinishedCallback
 .text.HAL_TIM_PWM_PulseFinishedHalfCpltCallback
                0x0000000008004756       0x14 ./Drivers/STM32L4xx_HAL_Driver/Src/stm32l4xx_hal_tim.o
                0x0000000008004756                HAL_TIM_PWM_PulseFinishedHalfCpltCallback
 .text.HAL_TIM_ErrorCallback
                0x000000000800476a       0x14 ./Drivers/STM32L4xx_HAL_Driver/Src/stm32l4xx_hal_tim.o
                0x000000000800476a                HAL_TIM_ErrorCallback
 .text.TIM_DMAError
                0x000000000800477e       0x92 ./Drivers/STM32L4xx_HAL_Driver/Src/stm32l4xx_hal_tim.o
                0x000000000800477e                TIM_DMAError
 .text.TIM_DMADelayPulseCplt
                0x0000000008004810       0xa8 ./Drivers/STM32L4xx_HAL_Driver/Src/stm32l4xx_hal_tim.o
 .text.TIM_DMADelayPulseHalfCplt
                0x00000000080048b8       0x68 ./Drivers/STM32L4xx_HAL_Driver/Src/stm32l4xx_hal_tim.o
                0x00000000080048b8                TIM_DMADelayPulseHalfCplt
 .text.TIM_Base_SetConfig
                0x0000000008004920       0xc8 ./Drivers/STM32L4xx_HAL_Driver/Src/stm32l4xx_hal_tim.o
                0x0000000008004920                TIM_Base_SetConfig
 .text.TIM_OC1_SetConfig
                0x00000000080049e8       0xf8 ./Drivers/STM32L4xx_HAL_Driver/Src/stm32l4xx_hal_tim.o
 .text.TIM_OC2_SetConfig
                0x0000000008004ae0       0xf4 ./Drivers/STM32L4xx_HAL_Driver/Src/stm32l4xx_hal_tim.o
                0x0000000008004ae0                TIM_OC2_SetConfig
 .text.TIM_OC3_SetConfig
                0x0000000008004bd4       0xf0 ./Drivers/STM32L4xx_HAL_Driver/Src/stm32l4xx_hal_tim.o
 .text.TIM_OC4_SetConfig
                0x0000000008004cc4       0xbc ./Drivers/STM32L4xx_HAL_Driver/Src/stm32l4xx_hal_tim.o
 .text.TIM_OC5_SetConfig
                0x0000000008004d80       0xb0 ./Drivers/STM32L4xx_HAL_Driver/Src/stm32l4xx_hal_tim.o
 .text.TIM_OC6_SetConfig
                0x0000000008004e30       0xb4 ./Drivers/STM32L4xx_HAL_Driver/Src/stm32l4xx_hal_tim.o
 .text.TIM_TI1_ConfigInputStage
                0x0000000008004ee4       0x5e ./Drivers/STM32L4xx_HAL_Driver/Src/stm32l4xx_hal_tim.o
 .text.TIM_TI2_ConfigInputStage
                0x0000000008004f42       0x60 ./Drivers/STM32L4xx_HAL_Driver/Src/stm32l4xx_hal_tim.o
 .text.TIM_ITRx_SetConfig
                0x0000000008004fa2       0x36 ./Drivers/STM32L4xx_HAL_Driver/Src/stm32l4xx_hal_tim.o
 .text.TIM_ETR_SetConfig
                0x0000000008004fd8       0x40 ./Drivers/STM32L4xx_HAL_Driver/Src/stm32l4xx_hal_tim.o
                0x0000000008004fd8                TIM_ETR_SetConfig
 .text.TIM_CCxChannelCmd
                0x0000000008005018       0x4a ./Drivers/STM32L4xx_HAL_Driver/Src/stm32l4xx_hal_tim.o
                0x0000000008005018                TIM_CCxChannelCmd
 *fill*         0x0000000008005062        0x2 
 .text.HAL_TIMEx_MasterConfigSynchronization
                0x0000000008005064       0xcc ./Drivers/STM32L4xx_HAL_Driver/Src/stm32l4xx_hal_tim_ex.o
                0x0000000008005064                HAL_TIMEx_MasterConfigSynchronization
 .text.HAL_UART_Init
                0x0000000008005130       0x9c ./Drivers/STM32L4xx_HAL_Driver/Src/stm32l4xx_hal_uart.o
                0x0000000008005130                HAL_UART_Init
 .text.HAL_UART_IRQHandler
                0x00000000080051cc      0x5c4 ./Drivers/STM32L4xx_HAL_Driver/Src/stm32l4xx_hal_uart.o
                0x00000000080051cc                HAL_UART_IRQHandler
 .text.HAL_UART_TxCpltCallback
                0x0000000008005790       0x14 ./Drivers/STM32L4xx_HAL_Driver/Src/stm32l4xx_hal_uart.o
                0x0000000008005790                HAL_UART_TxCpltCallback
 .text.HAL_UART_ErrorCallback
                0x00000000080057a4       0x14 ./Drivers/STM32L4xx_HAL_Driver/Src/stm32l4xx_hal_uart.o
                0x00000000080057a4                HAL_UART_ErrorCallback
 .text.HAL_UARTEx_RxEventCallback
                0x00000000080057b8       0x18 ./Drivers/STM32L4xx_HAL_Driver/Src/stm32l4xx_hal_uart.o
                0x00000000080057b8                HAL_UARTEx_RxEventCallback
 .text.UART_SetConfig
                0x00000000080057d0      0x458 ./Drivers/STM32L4xx_HAL_Driver/Src/stm32l4xx_hal_uart.o
                0x00000000080057d0                UART_SetConfig
 .text.UART_AdvFeatureConfig
                0x0000000008005c28      0x144 ./Drivers/STM32L4xx_HAL_Driver/Src/stm32l4xx_hal_uart.o
                0x0000000008005c28                UART_AdvFeatureConfig
 .text.UART_CheckIdleState
                0x0000000008005d6c       0x92 ./Drivers/STM32L4xx_HAL_Driver/Src/stm32l4xx_hal_uart.o
                0x0000000008005d6c                UART_CheckIdleState
 .text.UART_WaitOnFlagUntilTimeout
                0x0000000008005dfe      0x188 ./Drivers/STM32L4xx_HAL_Driver/Src/stm32l4xx_hal_uart.o
                0x0000000008005dfe                UART_WaitOnFlagUntilTimeout
 .text.UART_EndRxTransfer
                0x0000000008005f86       0xc6 ./Drivers/STM32L4xx_HAL_Driver/Src/stm32l4xx_hal_uart.o
 .text.UART_DMAAbortOnError
                0x000000000800604c       0x2c ./Drivers/STM32L4xx_HAL_Driver/Src/stm32l4xx_hal_uart.o
 .text.UART_EndTransmit_IT
                0x0000000008006078       0x54 ./Drivers/STM32L4xx_HAL_Driver/Src/stm32l4xx_hal_uart.o
 .text.HAL_UARTEx_WakeupCallback
                0x00000000080060cc       0x14 ./Drivers/STM32L4xx_HAL_Driver/Src/stm32l4xx_hal_uart_ex.o
                0x00000000080060cc                HAL_UARTEx_WakeupCallback
 .text.__errno  0x00000000080060e0        0xc c:/st/stm32cubeide_1.5.1/stm32cubeide/plugins/com.st.stm32cube.ide.mcu.externaltools.gnu-tools-for-stm32.10.3-2021.10.win32_1.0.200.202301161003/tools/bin/../lib/gcc/arm-none-eabi/10.3.1/../../../../arm-none-eabi/lib/thumb/v7e-m+fp/hard\libc_nano.a(lib_a-errno.o)
                0x00000000080060e0                __errno
 .text.__libc_init_array
                0x00000000080060ec       0x48 c:/st/stm32cubeide_1.5.1/stm32cubeide/plugins/com.st.stm32cube.ide.mcu.externaltools.gnu-tools-for-stm32.10.3-2021.10.win32_1.0.200.202301161003/tools/bin/../lib/gcc/arm-none-eabi/10.3.1/../../../../arm-none-eabi/lib/thumb/v7e-m+fp/hard\libc_nano.a(lib_a-init.o)
                0x00000000080060ec                __libc_init_array
 .text.malloc   0x0000000008006134       0x10 c:/st/stm32cubeide_1.5.1/stm32cubeide/plugins/com.st.stm32cube.ide.mcu.externaltools.gnu-tools-for-stm32.10.3-2021.10.win32_1.0.200.202301161003/tools/bin/../lib/gcc/arm-none-eabi/10.3.1/../../../../arm-none-eabi/lib/thumb/v7e-m+fp/hard\libc_nano.a(lib_a-malloc.o)
                0x0000000008006134                malloc
 .text.free     0x0000000008006144       0x10 c:/st/stm32cubeide_1.5.1/stm32cubeide/plugins/com.st.stm32cube.ide.mcu.externaltools.gnu-tools-for-stm32.10.3-2021.10.win32_1.0.200.202301161003/tools/bin/../lib/gcc/arm-none-eabi/10.3.1/../../../../arm-none-eabi/lib/thumb/v7e-m+fp/hard\libc_nano.a(lib_a-malloc.o)
                0x0000000008006144                free
 .text.memset   0x0000000008006154       0x10 c:/st/stm32cubeide_1.5.1/stm32cubeide/plugins/com.st.stm32cube.ide.mcu.externaltools.gnu-tools-for-stm32.10.3-2021.10.win32_1.0.200.202301161003/tools/bin/../lib/gcc/arm-none-eabi/10.3.1/../../../../arm-none-eabi/lib/thumb/v7e-m+fp/hard\libc_nano.a(lib_a-memset.o)
                0x0000000008006154                memset
 .text._free_r  0x0000000008006164       0x98 c:/st/stm32cubeide_1.5.1/stm32cubeide/plugins/com.st.stm32cube.ide.mcu.externaltools.gnu-tools-for-stm32.10.3-2021.10.win32_1.0.200.202301161003/tools/bin/../lib/gcc/arm-none-eabi/10.3.1/../../../../arm-none-eabi/lib/thumb/v7e-m+fp/hard\libc_nano.a(lib_a-nano-freer.o)
                0x0000000008006164                _free_r
 .text.sbrk_aligned
                0x00000000080061fc       0x40 c:/st/stm32cubeide_1.5.1/stm32cubeide/plugins/com.st.stm32cube.ide.mcu.externaltools.gnu-tools-for-stm32.10.3-2021.10.win32_1.0.200.202301161003/tools/bin/../lib/gcc/arm-none-eabi/10.3.1/../../../../arm-none-eabi/lib/thumb/v7e-m+fp/hard\libc_nano.a(lib_a-nano-mallocr.o)
 .text._malloc_r
                0x000000000800623c       0xe8 c:/st/stm32cubeide_1.5.1/stm32cubeide/plugins/com.st.stm32cube.ide.mcu.externaltools.gnu-tools-for-stm32.10.3-2021.10.win32_1.0.200.202301161003/tools/bin/../lib/gcc/arm-none-eabi/10.3.1/../../../../arm-none-eabi/lib/thumb/v7e-m+fp/hard\libc_nano.a(lib_a-nano-mallocr.o)
                0x000000000800623c                _malloc_r
 .text._sbrk_r  0x0000000008006324       0x20 c:/st/stm32cubeide_1.5.1/stm32cubeide/plugins/com.st.stm32cube.ide.mcu.externaltools.gnu-tools-for-stm32.10.3-2021.10.win32_1.0.200.202301161003/tools/bin/../lib/gcc/arm-none-eabi/10.3.1/../../../../arm-none-eabi/lib/thumb/v7e-m+fp/hard\libc_nano.a(lib_a-sbrkr.o)
                0x0000000008006324                _sbrk_r
 .text.__malloc_lock
                0x0000000008006344        0xc c:/st/stm32cubeide_1.5.1/stm32cubeide/plugins/com.st.stm32cube.ide.mcu.externaltools.gnu-tools-for-stm32.10.3-2021.10.win32_1.0.200.202301161003/tools/bin/../lib/gcc/arm-none-eabi/10.3.1/../../../../arm-none-eabi/lib/thumb/v7e-m+fp/hard\libc_nano.a(lib_a-mlock.o)
                0x0000000008006344                __malloc_lock
 .text.__malloc_unlock
                0x0000000008006350        0xc c:/st/stm32cubeide_1.5.1/stm32cubeide/plugins/com.st.stm32cube.ide.mcu.externaltools.gnu-tools-for-stm32.10.3-2021.10.win32_1.0.200.202301161003/tools/bin/../lib/gcc/arm-none-eabi/10.3.1/../../../../arm-none-eabi/lib/thumb/v7e-m+fp/hard\libc_nano.a(lib_a-mlock.o)
                0x0000000008006350                __malloc_unlock
 .text.__retarget_lock_acquire_recursive
                0x000000000800635c        0x2 c:/st/stm32cubeide_1.5.1/stm32cubeide/plugins/com.st.stm32cube.ide.mcu.externaltools.gnu-tools-for-stm32.10.3-2021.10.win32_1.0.200.202301161003/tools/bin/../lib/gcc/arm-none-eabi/10.3.1/../../../../arm-none-eabi/lib/thumb/v7e-m+fp/hard\libc_nano.a(lib_a-lock.o)
                0x000000000800635c                __retarget_lock_acquire_recursive
 .text.__retarget_lock_release_recursive
                0x000000000800635e        0x2 c:/st/stm32cubeide_1.5.1/stm32cubeide/plugins/com.st.stm32cube.ide.mcu.externaltools.gnu-tools-for-stm32.10.3-2021.10.win32_1.0.200.202301161003/tools/bin/../lib/gcc/arm-none-eabi/10.3.1/../../../../arm-none-eabi/lib/thumb/v7e-m+fp/hard\libc_nano.a(lib_a-lock.o)
                0x000000000800635e                __retarget_lock_release_recursive
 *(.glue_7)
 .glue_7        0x0000000008006360        0x0 linker stubs
 *(.glue_7t)
 .glue_7t       0x0000000008006360        0x0 linker stubs
 *(.eh_frame)
 .eh_frame      0x0000000008006360        0x0 c:/st/stm32cubeide_1.5.1/stm32cubeide/plugins/com.st.stm32cube.ide.mcu.externaltools.gnu-tools-for-stm32.10.3-2021.10.win32_1.0.200.202301161003/tools/bin/../lib/gcc/arm-none-eabi/10.3.1/thumb/v7e-m+fp/hard/crtbegin.o
 *(.init)
 .init          0x0000000008006360        0x4 c:/st/stm32cubeide_1.5.1/stm32cubeide/plugins/com.st.stm32cube.ide.mcu.externaltools.gnu-tools-for-stm32.10.3-2021.10.win32_1.0.200.202301161003/tools/bin/../lib/gcc/arm-none-eabi/10.3.1/thumb/v7e-m+fp/hard/crti.o
                0x0000000008006360                _init
 .init          0x0000000008006364        0x8 c:/st/stm32cubeide_1.5.1/stm32cubeide/plugins/com.st.stm32cube.ide.mcu.externaltools.gnu-tools-for-stm32.10.3-2021.10.win32_1.0.200.202301161003/tools/bin/../lib/gcc/arm-none-eabi/10.3.1/thumb/v7e-m+fp/hard/crtn.o
 *(.fini)
 .fini          0x000000000800636c        0x4 c:/st/stm32cubeide_1.5.1/stm32cubeide/plugins/com.st.stm32cube.ide.mcu.externaltools.gnu-tools-for-stm32.10.3-2021.10.win32_1.0.200.202301161003/tools/bin/../lib/gcc/arm-none-eabi/10.3.1/thumb/v7e-m+fp/hard/crti.o
                0x000000000800636c                _fini
 .fini          0x0000000008006370        0x8 c:/st/stm32cubeide_1.5.1/stm32cubeide/plugins/com.st.stm32cube.ide.mcu.externaltools.gnu-tools-for-stm32.10.3-2021.10.win32_1.0.200.202301161003/tools/bin/../lib/gcc/arm-none-eabi/10.3.1/thumb/v7e-m+fp/hard/crtn.o
                0x0000000008006378                . = ALIGN (0x4)
                0x0000000008006378                _etext = .

.vfp11_veneer   0x0000000008006378        0x0
 .vfp11_veneer  0x0000000008006378        0x0 linker stubs

.v4_bx          0x0000000008006378        0x0
 .v4_bx         0x0000000008006378        0x0 linker stubs

.iplt           0x0000000008006378        0x0
 .iplt          0x0000000008006378        0x0 c:/st/stm32cubeide_1.5.1/stm32cubeide/plugins/com.st.stm32cube.ide.mcu.externaltools.gnu-tools-for-stm32.10.3-2021.10.win32_1.0.200.202301161003/tools/bin/../lib/gcc/arm-none-eabi/10.3.1/thumb/v7e-m+fp/hard/crtbegin.o

.rodata         0x0000000008006378       0x4c
                0x0000000008006378                . = ALIGN (0x4)
 *(.rodata)
 *(.rodata*)
 .rodata.colorPalette
                0x0000000008006378        0x2 ./Core/Library/Src/canvas.o
                0x0000000008006378                colorPalette
 *fill*         0x000000000800637a        0x2 
 .rodata.AHBPrescTable
                0x000000000800637c       0x10 ./Core/Src/system_stm32l4xx.o
                0x000000000800637c                AHBPrescTable
 .rodata.APBPrescTable
                0x000000000800638c        0x8 ./Core/Src/system_stm32l4xx.o
                0x000000000800638c                APBPrescTable
 .rodata.MSIRangeTable
                0x0000000008006394       0x30 ./Core/Src/system_stm32l4xx.o
                0x0000000008006394                MSIRangeTable
                0x00000000080063c4                . = ALIGN (0x4)

.ARM.extab      0x00000000080063c4        0x0
                0x00000000080063c4                . = ALIGN (0x4)
 *(.ARM.extab* .gnu.linkonce.armextab.*)
                0x00000000080063c4                . = ALIGN (0x4)

.ARM            0x00000000080063c4        0x8
                0x00000000080063c4                . = ALIGN (0x4)
                0x00000000080063c4                __exidx_start = .
 *(.ARM.exidx*)
 .ARM.exidx     0x00000000080063c4        0x8 c:/st/stm32cubeide_1.5.1/stm32cubeide/plugins/com.st.stm32cube.ide.mcu.externaltools.gnu-tools-for-stm32.10.3-2021.10.win32_1.0.200.202301161003/tools/bin/../lib/gcc/arm-none-eabi/10.3.1/thumb/v7e-m+fp/hard\libgcc.a(_udivmoddi4.o)
                0x00000000080063cc                __exidx_end = .
                0x00000000080063cc                . = ALIGN (0x4)

.rel.dyn        0x00000000080063cc        0x0
 .rel.iplt      0x00000000080063cc        0x0 c:/st/stm32cubeide_1.5.1/stm32cubeide/plugins/com.st.stm32cube.ide.mcu.externaltools.gnu-tools-for-stm32.10.3-2021.10.win32_1.0.200.202301161003/tools/bin/../lib/gcc/arm-none-eabi/10.3.1/thumb/v7e-m+fp/hard/crtbegin.o

.preinit_array  0x00000000080063cc        0x0
                0x00000000080063cc                . = ALIGN (0x4)
                0x00000000080063cc                PROVIDE (__preinit_array_start = .)
 *(.preinit_array*)
                0x00000000080063cc                PROVIDE (__preinit_array_end = .)
                0x00000000080063cc                . = ALIGN (0x4)

.init_array     0x00000000080063cc        0x4
                0x00000000080063cc                . = ALIGN (0x4)
                0x00000000080063cc                PROVIDE (__init_array_start = .)
 *(SORT_BY_NAME(.init_array.*))
 *(.init_array*)
 .init_array    0x00000000080063cc        0x4 c:/st/stm32cubeide_1.5.1/stm32cubeide/plugins/com.st.stm32cube.ide.mcu.externaltools.gnu-tools-for-stm32.10.3-2021.10.win32_1.0.200.202301161003/tools/bin/../lib/gcc/arm-none-eabi/10.3.1/thumb/v7e-m+fp/hard/crtbegin.o
                0x00000000080063d0                PROVIDE (__init_array_end = .)
                0x00000000080063d0                . = ALIGN (0x4)

.fini_array     0x00000000080063d0        0x4
                0x00000000080063d0                . = ALIGN (0x4)
                [!provide]                        PROVIDE (__fini_array_start = .)
 *(SORT_BY_NAME(.fini_array.*))
 *(.fini_array*)
 .fini_array    0x00000000080063d0        0x4 c:/st/stm32cubeide_1.5.1/stm32cubeide/plugins/com.st.stm32cube.ide.mcu.externaltools.gnu-tools-for-stm32.10.3-2021.10.win32_1.0.200.202301161003/tools/bin/../lib/gcc/arm-none-eabi/10.3.1/thumb/v7e-m+fp/hard/crtbegin.o
                [!provide]                        PROVIDE (__fini_array_end = .)
                0x00000000080063d4                . = ALIGN (0x4)
                0x00000000080063d4                _sidata = LOADADDR (.data)

.data           0x0000000020000000     0x4528 load address 0x00000000080063d4
                0x0000000020000000                . = ALIGN (0x4)
                0x0000000020000000                _sdata = .
 *(.data)
 *(.data*)
 .data.__compound_literal.0
                0x0000000020000000     0x44ac ./Core/Library/Src/BadApple_data.o
 .data.BadApple
                0x00000000200044ac        0xc ./Core/Library/Src/BadApple_data.o
                0x00000000200044ac                BadApple
 .data.SystemCoreClock
                0x00000000200044b8        0x4 ./Core/Src/system_stm32l4xx.o
                0x00000000200044b8                SystemCoreClock
 .data.uwTickPrio
                0x00000000200044bc        0x4 ./Drivers/STM32L4xx_HAL_Driver/Src/stm32l4xx_hal.o
                0x00000000200044bc                uwTickPrio
 .data.uwTickFreq
                0x00000000200044c0        0x1 ./Drivers/STM32L4xx_HAL_Driver/Src/stm32l4xx_hal.o
                0x00000000200044c0                uwTickFreq
 *fill*         0x00000000200044c1        0x3 
 .data._impure_ptr
                0x00000000200044c4        0x4 c:/st/stm32cubeide_1.5.1/stm32cubeide/plugins/com.st.stm32cube.ide.mcu.externaltools.gnu-tools-for-stm32.10.3-2021.10.win32_1.0.200.202301161003/tools/bin/../lib/gcc/arm-none-eabi/10.3.1/../../../../arm-none-eabi/lib/thumb/v7e-m+fp/hard\libc_nano.a(lib_a-impure.o)
                0x00000000200044c4                _impure_ptr
 .data.impure_data
                0x00000000200044c8       0x60 c:/st/stm32cubeide_1.5.1/stm32cubeide/plugins/com.st.stm32cube.ide.mcu.externaltools.gnu-tools-for-stm32.10.3-2021.10.win32_1.0.200.202301161003/tools/bin/../lib/gcc/arm-none-eabi/10.3.1/../../../../arm-none-eabi/lib/thumb/v7e-m+fp/hard\libc_nano.a(lib_a-impure.o)
 *(.RamFunc)
 *(.RamFunc*)
                0x0000000020004528                . = ALIGN (0x4)
                0x0000000020004528                _edata = .

.igot.plt       0x0000000020004528        0x0 load address 0x000000000800a8fc
 .igot.plt      0x0000000020004528        0x0 c:/st/stm32cubeide_1.5.1/stm32cubeide/plugins/com.st.stm32cube.ide.mcu.externaltools.gnu-tools-for-stm32.10.3-2021.10.win32_1.0.200.202301161003/tools/bin/../lib/gcc/arm-none-eabi/10.3.1/thumb/v7e-m+fp/hard/crtbegin.o
                0x0000000020004528                . = ALIGN (0x4)

.bss            0x0000000020004528      0xca8 load address 0x000000000800a8fc
                0x0000000020004528                _sbss = .
                0x0000000020004528                __bss_start__ = _sbss
 *(.bss)
 .bss           0x0000000020004528       0x1c c:/st/stm32cubeide_1.5.1/stm32cubeide/plugins/com.st.stm32cube.ide.mcu.externaltools.gnu-tools-for-stm32.10.3-2021.10.win32_1.0.200.202301161003/tools/bin/../lib/gcc/arm-none-eabi/10.3.1/thumb/v7e-m+fp/hard/crtbegin.o
 *(.bss*)
 .bss.LEDbuffer
                0x0000000020004544      0xa61 ./Core/Library/Src/ws2812.o
 *fill*         0x0000000020004fa5        0x3 
 .bss.hadc1     0x0000000020004fa8       0x64 ./Core/Src/main.o
                0x0000000020004fa8                hadc1
 .bss.hdma_adc1
                0x000000002000500c       0x48 ./Core/Src/main.o
                0x000000002000500c                hdma_adc1
 .bss.htim2     0x0000000020005054       0x4c ./Core/Src/main.o
                0x0000000020005054                htim2
 .bss.hdma_tim2_ch1
                0x00000000200050a0       0x48 ./Core/Src/main.o
                0x00000000200050a0                hdma_tim2_ch1
 .bss.huart1    0x00000000200050e8       0x84 ./Core/Src/main.o
                0x00000000200050e8                huart1
 .bss.hdma_usart1_tx
                0x000000002000516c       0x48 ./Core/Src/main.o
                0x000000002000516c                hdma_usart1_tx
 .bss.loop      0x00000000200051b4        0x2 ./Core/Src/main.o
                0x00000000200051b4                loop
 *fill*         0x00000000200051b6        0x2 
 .bss.__sbrk_heap_end
                0x00000000200051b8        0x4 ./Core/Src/sysmem.o
 .bss.uwTick    0x00000000200051bc        0x4 ./Drivers/STM32L4xx_HAL_Driver/Src/stm32l4xx_hal.o
                0x00000000200051bc                uwTick
 .bss.__malloc_free_list
                0x00000000200051c0        0x4 c:/st/stm32cubeide_1.5.1/stm32cubeide/plugins/com.st.stm32cube.ide.mcu.externaltools.gnu-tools-for-stm32.10.3-2021.10.win32_1.0.200.202301161003/tools/bin/../lib/gcc/arm-none-eabi/10.3.1/../../../../arm-none-eabi/lib/thumb/v7e-m+fp/hard\libc_nano.a(lib_a-nano-mallocr.o)
                0x00000000200051c0                __malloc_free_list
 .bss.__malloc_sbrk_start
                0x00000000200051c4        0x4 c:/st/stm32cubeide_1.5.1/stm32cubeide/plugins/com.st.stm32cube.ide.mcu.externaltools.gnu-tools-for-stm32.10.3-2021.10.win32_1.0.200.202301161003/tools/bin/../lib/gcc/arm-none-eabi/10.3.1/../../../../arm-none-eabi/lib/thumb/v7e-m+fp/hard\libc_nano.a(lib_a-nano-mallocr.o)
                0x00000000200051c4                __malloc_sbrk_start
 .bss.errno     0x00000000200051c8        0x4 c:/st/stm32cubeide_1.5.1/stm32cubeide/plugins/com.st.stm32cube.ide.mcu.externaltools.gnu-tools-for-stm32.10.3-2021.10.win32_1.0.200.202301161003/tools/bin/../lib/gcc/arm-none-eabi/10.3.1/../../../../arm-none-eabi/lib/thumb/v7e-m+fp/hard\libc_nano.a(lib_a-reent.o)
                0x00000000200051c8                errno
 .bss.__lock___malloc_recursive_mutex
                0x00000000200051cc        0x1 c:/st/stm32cubeide_1.5.1/stm32cubeide/plugins/com.st.stm32cube.ide.mcu.externaltools.gnu-tools-for-stm32.10.3-2021.10.win32_1.0.200.202301161003/tools/bin/../lib/gcc/arm-none-eabi/10.3.1/../../../../arm-none-eabi/lib/thumb/v7e-m+fp/hard\libc_nano.a(lib_a-lock.o)
                0x00000000200051cc                __lock___malloc_recursive_mutex
 *(COMMON)
                0x00000000200051d0                . = ALIGN (0x4)
 *fill*         0x00000000200051cd        0x3 
                0x00000000200051d0                _ebss = .
                0x00000000200051d0                __bss_end__ = _ebss

._user_heap_stack
                0x00000000200051d0      0x600 load address 0x000000000800a8fc
                0x00000000200051d0                . = ALIGN (0x8)
                [!provide]                        PROVIDE (end = .)
                0x00000000200051d0                PROVIDE (_end = .)
                0x00000000200053d0                . = (. + _Min_Heap_Size)
 *fill*         0x00000000200051d0      0x200 
                0x00000000200057d0                . = (. + _Min_Stack_Size)
 *fill*         0x00000000200053d0      0x400 
                0x00000000200057d0                . = ALIGN (0x8)

/DISCARD/
 libc.a(*)
 libm.a(*)
 libgcc.a(*)

.ARM.attributes
                0x0000000000000000       0x30
 *(.ARM.attributes)
 .ARM.attributes
                0x0000000000000000       0x1e c:/st/stm32cubeide_1.5.1/stm32cubeide/plugins/com.st.stm32cube.ide.mcu.externaltools.gnu-tools-for-stm32.10.3-2021.10.win32_1.0.200.202301161003/tools/bin/../lib/gcc/arm-none-eabi/10.3.1/thumb/v7e-m+fp/hard/crti.o
 .ARM.attributes
                0x000000000000001e       0x34 c:/st/stm32cubeide_1.5.1/stm32cubeide/plugins/com.st.stm32cube.ide.mcu.externaltools.gnu-tools-for-stm32.10.3-2021.10.win32_1.0.200.202301161003/tools/bin/../lib/gcc/arm-none-eabi/10.3.1/thumb/v7e-m+fp/hard/crtbegin.o
 .ARM.attributes
                0x0000000000000052       0x34 ./Core/Library/Src/BadApple_data.o
 .ARM.attributes
                0x0000000000000086       0x34 ./Core/Library/Src/canvas.o
 .ARM.attributes
                0x00000000000000ba       0x34 ./Core/Library/Src/ws2812.o
 .ARM.attributes
                0x00000000000000ee       0x34 ./Core/Src/main.o
 .ARM.attributes
                0x0000000000000122       0x34 ./Core/Src/stm32l4xx_hal_msp.o
 .ARM.attributes
                0x0000000000000156       0x34 ./Core/Src/stm32l4xx_it.o
 .ARM.attributes
                0x000000000000018a       0x34 ./Core/Src/sysmem.o
 .ARM.attributes
                0x00000000000001be       0x34 ./Core/Src/system_stm32l4xx.o
 .ARM.attributes
                0x00000000000001f2       0x21 ./Core/Startup/startup_stm32l432kcux.o
 .ARM.attributes
                0x0000000000000213       0x34 ./Drivers/STM32L4xx_HAL_Driver/Src/stm32l4xx_hal.o
 .ARM.attributes
                0x0000000000000247       0x34 ./Drivers/STM32L4xx_HAL_Driver/Src/stm32l4xx_hal_adc.o
 .ARM.attributes
                0x000000000000027b       0x34 ./Drivers/STM32L4xx_HAL_Driver/Src/stm32l4xx_hal_cortex.o
 .ARM.attributes
                0x00000000000002af       0x34 ./Drivers/STM32L4xx_HAL_Driver/Src/stm32l4xx_hal_dma.o
 .ARM.attributes
                0x00000000000002e3       0x34 ./Drivers/STM32L4xx_HAL_Driver/Src/stm32l4xx_hal_gpio.o
 .ARM.attributes
                0x0000000000000317       0x34 ./Drivers/STM32L4xx_HAL_Driver/Src/stm32l4xx_hal_pwr_ex.o
 .ARM.attributes
                0x000000000000034b       0x34 ./Drivers/STM32L4xx_HAL_Driver/Src/stm32l4xx_hal_rcc.o
 .ARM.attributes
                0x000000000000037f       0x34 ./Drivers/STM32L4xx_HAL_Driver/Src/stm32l4xx_hal_rcc_ex.o
 .ARM.attributes
                0x00000000000003b3       0x34 ./Drivers/STM32L4xx_HAL_Driver/Src/stm32l4xx_hal_tim.o
 .ARM.attributes
                0x00000000000003e7       0x34 ./Drivers/STM32L4xx_HAL_Driver/Src/stm32l4xx_hal_tim_ex.o
 .ARM.attributes
                0x000000000000041b       0x34 ./Drivers/STM32L4xx_HAL_Driver/Src/stm32l4xx_hal_uart.o
 .ARM.attributes
                0x000000000000044f       0x34 ./Drivers/STM32L4xx_HAL_Driver/Src/stm32l4xx_hal_uart_ex.o
 .ARM.attributes
                0x0000000000000483       0x34 c:/st/stm32cubeide_1.5.1/stm32cubeide/plugins/com.st.stm32cube.ide.mcu.externaltools.gnu-tools-for-stm32.10.3-2021.10.win32_1.0.200.202301161003/tools/bin/../lib/gcc/arm-none-eabi/10.3.1/../../../../arm-none-eabi/lib/thumb/v7e-m+fp/hard\libc_nano.a(lib_a-errno.o)
 .ARM.attributes
                0x00000000000004b7       0x34 c:/st/stm32cubeide_1.5.1/stm32cubeide/plugins/com.st.stm32cube.ide.mcu.externaltools.gnu-tools-for-stm32.10.3-2021.10.win32_1.0.200.202301161003/tools/bin/../lib/gcc/arm-none-eabi/10.3.1/../../../../arm-none-eabi/lib/thumb/v7e-m+fp/hard\libc_nano.a(lib_a-impure.o)
 .ARM.attributes
                0x00000000000004eb       0x34 c:/st/stm32cubeide_1.5.1/stm32cubeide/plugins/com.st.stm32cube.ide.mcu.externaltools.gnu-tools-for-stm32.10.3-2021.10.win32_1.0.200.202301161003/tools/bin/../lib/gcc/arm-none-eabi/10.3.1/../../../../arm-none-eabi/lib/thumb/v7e-m+fp/hard\libc_nano.a(lib_a-init.o)
 .ARM.attributes
                0x000000000000051f       0x34 c:/st/stm32cubeide_1.5.1/stm32cubeide/plugins/com.st.stm32cube.ide.mcu.externaltools.gnu-tools-for-stm32.10.3-2021.10.win32_1.0.200.202301161003/tools/bin/../lib/gcc/arm-none-eabi/10.3.1/../../../../arm-none-eabi/lib/thumb/v7e-m+fp/hard\libc_nano.a(lib_a-malloc.o)
 .ARM.attributes
                0x0000000000000553       0x34 c:/st/stm32cubeide_1.5.1/stm32cubeide/plugins/com.st.stm32cube.ide.mcu.externaltools.gnu-tools-for-stm32.10.3-2021.10.win32_1.0.200.202301161003/tools/bin/../lib/gcc/arm-none-eabi/10.3.1/../../../../arm-none-eabi/lib/thumb/v7e-m+fp/hard\libc_nano.a(lib_a-memset.o)
 .ARM.attributes
                0x0000000000000587       0x34 c:/st/stm32cubeide_1.5.1/stm32cubeide/plugins/com.st.stm32cube.ide.mcu.externaltools.gnu-tools-for-stm32.10.3-2021.10.win32_1.0.200.202301161003/tools/bin/../lib/gcc/arm-none-eabi/10.3.1/../../../../arm-none-eabi/lib/thumb/v7e-m+fp/hard\libc_nano.a(lib_a-nano-freer.o)
 .ARM.attributes
                0x00000000000005bb       0x34 c:/st/stm32cubeide_1.5.1/stm32cubeide/plugins/com.st.stm32cube.ide.mcu.externaltools.gnu-tools-for-stm32.10.3-2021.10.win32_1.0.200.202301161003/tools/bin/../lib/gcc/arm-none-eabi/10.3.1/../../../../arm-none-eabi/lib/thumb/v7e-m+fp/hard\libc_nano.a(lib_a-nano-mallocr.o)
 .ARM.attributes
                0x00000000000005ef       0x34 c:/st/stm32cubeide_1.5.1/stm32cubeide/plugins/com.st.stm32cube.ide.mcu.externaltools.gnu-tools-for-stm32.10.3-2021.10.win32_1.0.200.202301161003/tools/bin/../lib/gcc/arm-none-eabi/10.3.1/../../../../arm-none-eabi/lib/thumb/v7e-m+fp/hard\libc_nano.a(lib_a-sbrkr.o)
 .ARM.attributes
                0x0000000000000623       0x34 c:/st/stm32cubeide_1.5.1/stm32cubeide/plugins/com.st.stm32cube.ide.mcu.externaltools.gnu-tools-for-stm32.10.3-2021.10.win32_1.0.200.202301161003/tools/bin/../lib/gcc/arm-none-eabi/10.3.1/../../../../arm-none-eabi/lib/thumb/v7e-m+fp/hard\libc_nano.a(lib_a-mlock.o)
 .ARM.attributes
                0x0000000000000657       0x34 c:/st/stm32cubeide_1.5.1/stm32cubeide/plugins/com.st.stm32cube.ide.mcu.externaltools.gnu-tools-for-stm32.10.3-2021.10.win32_1.0.200.202301161003/tools/bin/../lib/gcc/arm-none-eabi/10.3.1/../../../../arm-none-eabi/lib/thumb/v7e-m+fp/hard\libc_nano.a(lib_a-reent.o)
 .ARM.attributes
                0x000000000000068b       0x34 c:/st/stm32cubeide_1.5.1/stm32cubeide/plugins/com.st.stm32cube.ide.mcu.externaltools.gnu-tools-for-stm32.10.3-2021.10.win32_1.0.200.202301161003/tools/bin/../lib/gcc/arm-none-eabi/10.3.1/../../../../arm-none-eabi/lib/thumb/v7e-m+fp/hard\libc_nano.a(lib_a-lock.o)
 .ARM.attributes
                0x00000000000006bf       0x1e c:/st/stm32cubeide_1.5.1/stm32cubeide/plugins/com.st.stm32cube.ide.mcu.externaltools.gnu-tools-for-stm32.10.3-2021.10.win32_1.0.200.202301161003/tools/bin/../lib/gcc/arm-none-eabi/10.3.1/thumb/v7e-m+fp/hard\libgcc.a(_aeabi_uldivmod.o)
 .ARM.attributes
                0x00000000000006dd       0x34 c:/st/stm32cubeide_1.5.1/stm32cubeide/plugins/com.st.stm32cube.ide.mcu.externaltools.gnu-tools-for-stm32.10.3-2021.10.win32_1.0.200.202301161003/tools/bin/../lib/gcc/arm-none-eabi/10.3.1/thumb/v7e-m+fp/hard\libgcc.a(_udivmoddi4.o)
 .ARM.attributes
                0x0000000000000711       0x1e c:/st/stm32cubeide_1.5.1/stm32cubeide/plugins/com.st.stm32cube.ide.mcu.externaltools.gnu-tools-for-stm32.10.3-2021.10.win32_1.0.200.202301161003/tools/bin/../lib/gcc/arm-none-eabi/10.3.1/thumb/v7e-m+fp/hard\libgcc.a(_dvmd_tls.o)
 .ARM.attributes
                0x000000000000072f       0x1e c:/st/stm32cubeide_1.5.1/stm32cubeide/plugins/com.st.stm32cube.ide.mcu.externaltools.gnu-tools-for-stm32.10.3-2021.10.win32_1.0.200.202301161003/tools/bin/../lib/gcc/arm-none-eabi/10.3.1/thumb/v7e-m+fp/hard/crtn.o
OUTPUT(Reveil_STM32-Matrice.elf elf32-littlearm)
LOAD linker stubs
LOAD c:/st/stm32cubeide_1.5.1/stm32cubeide/plugins/com.st.stm32cube.ide.mcu.externaltools.gnu-tools-for-stm32.10.3-2021.10.win32_1.0.200.202301161003/tools/bin/../lib/gcc/arm-none-eabi/10.3.1/../../../../arm-none-eabi/lib/thumb/v7e-m+fp/hard\libc.a
LOAD c:/st/stm32cubeide_1.5.1/stm32cubeide/plugins/com.st.stm32cube.ide.mcu.externaltools.gnu-tools-for-stm32.10.3-2021.10.win32_1.0.200.202301161003/tools/bin/../lib/gcc/arm-none-eabi/10.3.1/../../../../arm-none-eabi/lib/thumb/v7e-m+fp/hard\libm.a
LOAD c:/st/stm32cubeide_1.5.1/stm32cubeide/plugins/com.st.stm32cube.ide.mcu.externaltools.gnu-tools-for-stm32.10.3-2021.10.win32_1.0.200.202301161003/tools/bin/../lib/gcc/arm-none-eabi/10.3.1/thumb/v7e-m+fp/hard\libgcc.a

.debug_info     0x0000000000000000    0x14e24
 .debug_info    0x0000000000000000      0x11d ./Core/Library/Src/BadApple_data.o
 .debug_info    0x000000000000011d      0x735 ./Core/Library/Src/canvas.o
 .debug_info    0x0000000000000852      0x8d1 ./Core/Library/Src/ws2812.o
 .debug_info    0x0000000000001123     0x1bb1 ./Core/Src/main.o
 .debug_info    0x0000000000002cd4     0x1807 ./Core/Src/stm32l4xx_hal_msp.o
 .debug_info    0x00000000000044db      0x7c5 ./Core/Src/stm32l4xx_it.o
 .debug_info    0x0000000000004ca0      0x171 ./Core/Src/sysmem.o
 .debug_info    0x0000000000004e11      0x5d4 ./Core/Src/system_stm32l4xx.o
 .debug_info    0x00000000000053e5       0x22 ./Core/Startup/startup_stm32l432kcux.o
 .debug_info    0x0000000000005407      0x9da ./Drivers/STM32L4xx_HAL_Driver/Src/stm32l4xx_hal.o
 .debug_info    0x0000000000005de1     0x1d76 ./Drivers/STM32L4xx_HAL_Driver/Src/stm32l4xx_hal_adc.o
 .debug_info    0x0000000000007b57      0xda3 ./Drivers/STM32L4xx_HAL_Driver/Src/stm32l4xx_hal_cortex.o
 .debug_info    0x00000000000088fa      0x76a ./Drivers/STM32L4xx_HAL_Driver/Src/stm32l4xx_hal_dma.o
 .debug_info    0x0000000000009064      0x821 ./Drivers/STM32L4xx_HAL_Driver/Src/stm32l4xx_hal_gpio.o
 .debug_info    0x0000000000009885      0x96b ./Drivers/STM32L4xx_HAL_Driver/Src/stm32l4xx_hal_pwr_ex.o
 .debug_info    0x000000000000a1f0      0xc97 ./Drivers/STM32L4xx_HAL_Driver/Src/stm32l4xx_hal_rcc.o
 .debug_info    0x000000000000ae87      0xf5b ./Drivers/STM32L4xx_HAL_Driver/Src/stm32l4xx_hal_rcc_ex.o
 .debug_info    0x000000000000bde2     0x2d04 ./Drivers/STM32L4xx_HAL_Driver/Src/stm32l4xx_hal_tim.o
 .debug_info    0x000000000000eae6     0x17eb ./Drivers/STM32L4xx_HAL_Driver/Src/stm32l4xx_hal_tim_ex.o
 .debug_info    0x00000000000102d1     0x3d1c ./Drivers/STM32L4xx_HAL_Driver/Src/stm32l4xx_hal_uart.o
 .debug_info    0x0000000000013fed      0xe37 ./Drivers/STM32L4xx_HAL_Driver/Src/stm32l4xx_hal_uart_ex.o

.debug_abbrev   0x0000000000000000     0x298a
 .debug_abbrev  0x0000000000000000       0x83 ./Core/Library/Src/BadApple_data.o
 .debug_abbrev  0x0000000000000083      0x188 ./Core/Library/Src/canvas.o
 .debug_abbrev  0x000000000000020b      0x1e5 ./Core/Library/Src/ws2812.o
 .debug_abbrev  0x00000000000003f0      0x323 ./Core/Src/main.o
 .debug_abbrev  0x0000000000000713      0x232 ./Core/Src/stm32l4xx_hal_msp.o
 .debug_abbrev  0x0000000000000945      0x166 ./Core/Src/stm32l4xx_it.o
 .debug_abbrev  0x0000000000000aab       0xbb ./Core/Src/sysmem.o
 .debug_abbrev  0x0000000000000b66      0x116 ./Core/Src/system_stm32l4xx.o
 .debug_abbrev  0x0000000000000c7c       0x12 ./Core/Startup/startup_stm32l432kcux.o
 .debug_abbrev  0x0000000000000c8e      0x21e ./Drivers/STM32L4xx_HAL_Driver/Src/stm32l4xx_hal.o
 .debug_abbrev  0x0000000000000eac      0x2b6 ./Drivers/STM32L4xx_HAL_Driver/Src/stm32l4xx_hal_adc.o
 .debug_abbrev  0x0000000000001162      0x316 ./Drivers/STM32L4xx_HAL_Driver/Src/stm32l4xx_hal_cortex.o
 .debug_abbrev  0x0000000000001478      0x1d7 ./Drivers/STM32L4xx_HAL_Driver/Src/stm32l4xx_hal_dma.o
 .debug_abbrev  0x000000000000164f      0x1bb ./Drivers/STM32L4xx_HAL_Driver/Src/stm32l4xx_hal_gpio.o
 .debug_abbrev  0x000000000000180a      0x1f3 ./Drivers/STM32L4xx_HAL_Driver/Src/stm32l4xx_hal_pwr_ex.o
 .debug_abbrev  0x00000000000019fd      0x2bd ./Drivers/STM32L4xx_HAL_Driver/Src/stm32l4xx_hal_rcc.o
 .debug_abbrev  0x0000000000001cba      0x299 ./Drivers/STM32L4xx_HAL_Driver/Src/stm32l4xx_hal_rcc_ex.o
 .debug_abbrev  0x0000000000001f53      0x264 ./Drivers/STM32L4xx_HAL_Driver/Src/stm32l4xx_hal_tim.o
 .debug_abbrev  0x00000000000021b7      0x26c ./Drivers/STM32L4xx_HAL_Driver/Src/stm32l4xx_hal_tim_ex.o
 .debug_abbrev  0x0000000000002423      0x2bc ./Drivers/STM32L4xx_HAL_Driver/Src/stm32l4xx_hal_uart.o
 .debug_abbrev  0x00000000000026df      0x2ab ./Drivers/STM32L4xx_HAL_Driver/Src/stm32l4xx_hal_uart_ex.o

.debug_aranges  0x0000000000000000     0x1210
 .debug_aranges
                0x0000000000000000       0x18 ./Core/Library/Src/BadApple_data.o
 .debug_aranges
                0x0000000000000018       0x60 ./Core/Library/Src/canvas.o
 .debug_aranges
                0x0000000000000078       0x48 ./Core/Library/Src/ws2812.o
 .debug_aranges
                0x00000000000000c0       0x58 ./Core/Src/main.o
 .debug_aranges
                0x0000000000000118       0x58 ./Core/Src/stm32l4xx_hal_msp.o
 .debug_aranges
                0x0000000000000170       0x80 ./Core/Src/stm32l4xx_it.o
 .debug_aranges
                0x00000000000001f0       0x20 ./Core/Src/sysmem.o
 .debug_aranges
                0x0000000000000210       0x28 ./Core/Src/system_stm32l4xx.o
 .debug_aranges
                0x0000000000000238       0x28 ./Core/Startup/startup_stm32l432kcux.o
 .debug_aranges
                0x0000000000000260      0x108 ./Drivers/STM32L4xx_HAL_Driver/Src/stm32l4xx_hal.o
 .debug_aranges
                0x0000000000000368      0x210 ./Drivers/STM32L4xx_HAL_Driver/Src/stm32l4xx_hal_adc.o
 .debug_aranges
                0x0000000000000578      0x118 ./Drivers/STM32L4xx_HAL_Driver/Src/stm32l4xx_hal_cortex.o
 .debug_aranges
                0x0000000000000690       0x80 ./Drivers/STM32L4xx_HAL_Driver/Src/stm32l4xx_hal_dma.o
 .debug_aranges
                0x0000000000000710       0x58 ./Drivers/STM32L4xx_HAL_Driver/Src/stm32l4xx_hal_gpio.o
 .debug_aranges
                0x0000000000000768      0x128 ./Drivers/STM32L4xx_HAL_Driver/Src/stm32l4xx_hal_pwr_ex.o
 .debug_aranges
                0x0000000000000890       0x90 ./Drivers/STM32L4xx_HAL_Driver/Src/stm32l4xx_hal_rcc.o
 .debug_aranges
                0x0000000000000920       0xf0 ./Drivers/STM32L4xx_HAL_Driver/Src/stm32l4xx_hal_rcc_ex.o
 .debug_aranges
                0x0000000000000a10      0x3e0 ./Drivers/STM32L4xx_HAL_Driver/Src/stm32l4xx_hal_tim.o
 .debug_aranges
                0x0000000000000df0      0x180 ./Drivers/STM32L4xx_HAL_Driver/Src/stm32l4xx_hal_tim_ex.o
 .debug_aranges
                0x0000000000000f70      0x228 ./Drivers/STM32L4xx_HAL_Driver/Src/stm32l4xx_hal_uart.o
 .debug_aranges
                0x0000000000001198       0x78 ./Drivers/STM32L4xx_HAL_Driver/Src/stm32l4xx_hal_uart_ex.o

.debug_macro    0x0000000000000000    0x230d8
 .debug_macro   0x0000000000000000      0x330 ./Core/Library/Src/BadApple_data.o
 .debug_macro   0x0000000000000330      0xa78 ./Core/Library/Src/BadApple_data.o
 .debug_macro   0x0000000000000da8       0x1c ./Core/Library/Src/BadApple_data.o
 .debug_macro   0x0000000000000dc4      0x1ad ./Core/Library/Src/BadApple_data.o
 .debug_macro   0x0000000000000f71       0x2e ./Core/Library/Src/BadApple_data.o
 .debug_macro   0x0000000000000f9f       0x28 ./Core/Library/Src/BadApple_data.o
 .debug_macro   0x0000000000000fc7       0x22 ./Core/Library/Src/BadApple_data.o
 .debug_macro   0x0000000000000fe9       0x8e ./Core/Library/Src/BadApple_data.o
 .debug_macro   0x0000000000001077       0x51 ./Core/Library/Src/BadApple_data.o
 .debug_macro   0x00000000000010c8      0x103 ./Core/Library/Src/BadApple_data.o
 .debug_macro   0x00000000000011cb       0x6a ./Core/Library/Src/BadApple_data.o
 .debug_macro   0x0000000000001235      0x1df ./Core/Library/Src/BadApple_data.o
 .debug_macro   0x0000000000001414       0x1c ./Core/Library/Src/BadApple_data.o
 .debug_macro   0x0000000000001430       0x22 ./Core/Library/Src/BadApple_data.o
 .debug_macro   0x0000000000001452       0xfb ./Core/Library/Src/BadApple_data.o
 .debug_macro   0x000000000000154d     0x1011 ./Core/Library/Src/BadApple_data.o
 .debug_macro   0x000000000000255e      0x11f ./Core/Library/Src/BadApple_data.o
 .debug_macro   0x000000000000267d    0x147a6 ./Core/Library/Src/BadApple_data.o
 .debug_macro   0x0000000000016e23       0x6d ./Core/Library/Src/BadApple_data.o
 .debug_macro   0x0000000000016e90     0x38e6 ./Core/Library/Src/BadApple_data.o
 .debug_macro   0x000000000001a776      0x174 ./Core/Library/Src/BadApple_data.o
 .debug_macro   0x000000000001a8ea       0x5c ./Core/Library/Src/BadApple_data.o
 .debug_macro   0x000000000001a946     0x11ca ./Core/Library/Src/BadApple_data.o
 .debug_macro   0x000000000001bb10      0x53c ./Core/Library/Src/BadApple_data.o
 .debug_macro   0x000000000001c04c      0x1b9 ./Core/Library/Src/BadApple_data.o
 .debug_macro   0x000000000001c205      0x122 ./Core/Library/Src/BadApple_data.o
 .debug_macro   0x000000000001c327      0x26b ./Core/Library/Src/BadApple_data.o
 .debug_macro   0x000000000001c592      0x23d ./Core/Library/Src/BadApple_data.o
 .debug_macro   0x000000000001c7cf      0xddf ./Core/Library/Src/BadApple_data.o
 .debug_macro   0x000000000001d5ae      0x61d ./Core/Library/Src/BadApple_data.o
 .debug_macro   0x000000000001dbcb      0x241 ./Core/Library/Src/BadApple_data.o
 .debug_macro   0x000000000001de0c      0x241 ./Core/Library/Src/BadApple_data.o
 .debug_macro   0x000000000001e04d      0x375 ./Core/Library/Src/BadApple_data.o
 .debug_macro   0x000000000001e3c2       0xd6 ./Core/Library/Src/BadApple_data.o
 .debug_macro   0x000000000001e498      0x122 ./Core/Library/Src/BadApple_data.o
 .debug_macro   0x000000000001e5ba      0x356 ./Core/Library/Src/BadApple_data.o
 .debug_macro   0x000000000001e910      0xa91 ./Core/Library/Src/BadApple_data.o
 .debug_macro   0x000000000001f3a1      0x12d ./Core/Library/Src/BadApple_data.o
 .debug_macro   0x000000000001f4ce      0x5ba ./Core/Library/Src/BadApple_data.o
 .debug_macro   0x000000000001fa88       0x44 ./Core/Library/Src/BadApple_data.o
 .debug_macro   0x000000000001facc      0x220 ./Core/Library/Src/BadApple_data.o
 .debug_macro   0x000000000001fcec       0x10 ./Core/Library/Src/BadApple_data.o
 .debug_macro   0x000000000001fcfc       0x52 ./Core/Library/Src/BadApple_data.o
 .debug_macro   0x000000000001fd4e       0x1e ./Core/Library/Src/BadApple_data.o
 .debug_macro   0x000000000001fd6c       0x52 ./Core/Library/Src/BadApple_data.o
 .debug_macro   0x000000000001fdbe       0x3c ./Core/Library/Src/BadApple_data.o
 .debug_macro   0x000000000001fdfa       0x34 ./Core/Library/Src/BadApple_data.o
 .debug_macro   0x000000000001fe2e       0x16 ./Core/Library/Src/BadApple_data.o
 .debug_macro   0x000000000001fe44       0x35 ./Core/Library/Src/BadApple_data.o
 .debug_macro   0x000000000001fe79       0x16 ./Core/Library/Src/BadApple_data.o
 .debug_macro   0x000000000001fe8f       0x43 ./Core/Library/Src/BadApple_data.o
 .debug_macro   0x000000000001fed2       0x34 ./Core/Library/Src/BadApple_data.o
 .debug_macro   0x000000000001ff06       0x10 ./Core/Library/Src/BadApple_data.o
 .debug_macro   0x000000000001ff16       0x58 ./Core/Library/Src/BadApple_data.o
 .debug_macro   0x000000000001ff6e       0x71 ./Core/Library/Src/BadApple_data.o
 .debug_macro   0x000000000001ffdf       0x1c ./Core/Library/Src/BadApple_data.o
 .debug_macro   0x000000000001fffb      0x12a ./Core/Library/Src/BadApple_data.o
 .debug_macro   0x0000000000020125      0x341 ./Core/Library/Src/BadApple_data.o
 .debug_macro   0x0000000000020466       0x16 ./Core/Library/Src/BadApple_data.o
 .debug_macro   0x000000000002047c       0x29 ./Core/Library/Src/BadApple_data.o
 .debug_macro   0x00000000000204a5       0x16 ./Core/Library/Src/BadApple_data.o
 .debug_macro   0x00000000000204bb       0x20 ./Core/Library/Src/BadApple_data.o
 .debug_macro   0x00000000000204db      0x330 ./Core/Library/Src/canvas.o
 .debug_macro   0x000000000002080b      0x1f2 ./Core/Library/Src/ws2812.o
 .debug_macro   0x00000000000209fd       0x4c ./Core/Library/Src/ws2812.o
 .debug_macro   0x0000000000020a49      0x330 ./Core/Src/main.o
 .debug_macro   0x0000000000020d79      0x330 ./Core/Src/stm32l4xx_hal_msp.o
 .debug_macro   0x00000000000210a9      0x33a ./Core/Src/stm32l4xx_it.o
 .debug_macro   0x00000000000213e3       0xff ./Core/Src/sysmem.o
 .debug_macro   0x00000000000214e2      0x23b ./Core/Src/sysmem.o
 .debug_macro   0x000000000002171d      0x1e3 ./Core/Src/system_stm32l4xx.o
 .debug_macro   0x0000000000021900      0x22b ./Drivers/STM32L4xx_HAL_Driver/Src/stm32l4xx_hal.o
 .debug_macro   0x0000000000021b2b      0x200 ./Drivers/STM32L4xx_HAL_Driver/Src/stm32l4xx_hal_adc.o
 .debug_macro   0x0000000000021d2b      0x1e3 ./Drivers/STM32L4xx_HAL_Driver/Src/stm32l4xx_hal_cortex.o
 .debug_macro   0x0000000000021f0e      0x1e3 ./Drivers/STM32L4xx_HAL_Driver/Src/stm32l4xx_hal_dma.o
 .debug_macro   0x00000000000220f1      0x1ea ./Drivers/STM32L4xx_HAL_Driver/Src/stm32l4xx_hal_gpio.o
 .debug_macro   0x00000000000222db      0x207 ./Drivers/STM32L4xx_HAL_Driver/Src/stm32l4xx_hal_pwr_ex.o
 .debug_macro   0x00000000000224e2      0x225 ./Drivers/STM32L4xx_HAL_Driver/Src/stm32l4xx_hal_rcc.o
 .debug_macro   0x0000000000022707      0x219 ./Drivers/STM32L4xx_HAL_Driver/Src/stm32l4xx_hal_rcc_ex.o
 .debug_macro   0x0000000000022920      0x1e4 ./Drivers/STM32L4xx_HAL_Driver/Src/stm32l4xx_hal_tim.o
 .debug_macro   0x0000000000022b04      0x1e3 ./Drivers/STM32L4xx_HAL_Driver/Src/stm32l4xx_hal_tim_ex.o
 .debug_macro   0x0000000000022ce7      0x20e ./Drivers/STM32L4xx_HAL_Driver/Src/stm32l4xx_hal_uart.o
 .debug_macro   0x0000000000022ef5      0x1e3 ./Drivers/STM32L4xx_HAL_Driver/Src/stm32l4xx_hal_uart_ex.o

.debug_line     0x0000000000000000    0x15ab0
 .debug_line    0x0000000000000000      0x8ef ./Core/Library/Src/BadApple_data.o
 .debug_line    0x00000000000008ef      0xde0 ./Core/Library/Src/canvas.o
 .debug_line    0x00000000000016cf      0x964 ./Core/Library/Src/ws2812.o
 .debug_line    0x0000000000002033      0xaf7 ./Core/Src/main.o
 .debug_line    0x0000000000002b2a      0xa9a ./Core/Src/stm32l4xx_hal_msp.o
 .debug_line    0x00000000000035c4      0xa26 ./Core/Src/stm32l4xx_it.o
 .debug_line    0x0000000000003fea      0x4ef ./Core/Src/sysmem.o
 .debug_line    0x00000000000044d9      0x79f ./Core/Src/system_stm32l4xx.o
 .debug_line    0x0000000000004c78       0x88 ./Core/Startup/startup_stm32l432kcux.o
 .debug_line    0x0000000000004d00      0xa64 ./Drivers/STM32L4xx_HAL_Driver/Src/stm32l4xx_hal.o
 .debug_line    0x0000000000005764     0x1bfb ./Drivers/STM32L4xx_HAL_Driver/Src/stm32l4xx_hal_adc.o
 .debug_line    0x000000000000735f      0xc9e ./Drivers/STM32L4xx_HAL_Driver/Src/stm32l4xx_hal_cortex.o
 .debug_line    0x0000000000007ffd      0xcd6 ./Drivers/STM32L4xx_HAL_Driver/Src/stm32l4xx_hal_dma.o
 .debug_line    0x0000000000008cd3      0xaee ./Drivers/STM32L4xx_HAL_Driver/Src/stm32l4xx_hal_gpio.o
 .debug_line    0x00000000000097c1      0xbf6 ./Drivers/STM32L4xx_HAL_Driver/Src/stm32l4xx_hal_pwr_ex.o
 .debug_line    0x000000000000a3b7      0xfaf ./Drivers/STM32L4xx_HAL_Driver/Src/stm32l4xx_hal_rcc.o
 .debug_line    0x000000000000b366     0x12c9 ./Drivers/STM32L4xx_HAL_Driver/Src/stm32l4xx_hal_rcc_ex.o
 .debug_line    0x000000000000c62f     0x3b34 ./Drivers/STM32L4xx_HAL_Driver/Src/stm32l4xx_hal_tim.o
 .debug_line    0x0000000000010163     0x1b05 ./Drivers/STM32L4xx_HAL_Driver/Src/stm32l4xx_hal_tim_ex.o
 .debug_line    0x0000000000011c68     0x3208 ./Drivers/STM32L4xx_HAL_Driver/Src/stm32l4xx_hal_uart.o
 .debug_line    0x0000000000014e70      0xc40 ./Drivers/STM32L4xx_HAL_Driver/Src/stm32l4xx_hal_uart_ex.o

.debug_str      0x0000000000000000    0xd98a3
 .debug_str     0x0000000000000000    0xd38a2 ./Core/Library/Src/BadApple_data.o
                                      0xd3d7b (size before relaxing)
 .debug_str     0x00000000000d38a2      0x190 ./Core/Library/Src/canvas.o
                                      0xd3f16 (size before relaxing)
 .debug_str     0x00000000000d3a32      0x549 ./Core/Library/Src/ws2812.o
                                      0xd1383 (size before relaxing)
 .debug_str     0x00000000000d3f7b      0xe09 ./Core/Src/main.o
                                      0xd520c (size before relaxing)
 .debug_str     0x00000000000d4d84      0x326 ./Core/Src/stm32l4xx_hal_msp.o
                                      0xd4f98 (size before relaxing)
 .debug_str     0x00000000000d50aa      0x14d ./Core/Src/stm32l4xx_it.o
                                      0xd42ae (size before relaxing)
 .debug_str     0x00000000000d51f7      0x4da ./Core/Src/sysmem.o
                                       0x5dad (size before relaxing)
 .debug_str     0x00000000000d56d1       0xf2 ./Core/Src/system_stm32l4xx.o
                                      0xd0e0f (size before relaxing)
 .debug_str     0x00000000000d57c3       0x36 ./Core/Startup/startup_stm32l432kcux.o
                                         0x57 (size before relaxing)
 .debug_str     0x00000000000d57f9      0x568 ./Drivers/STM32L4xx_HAL_Driver/Src/stm32l4xx_hal.o
                                      0xd179c (size before relaxing)
 .debug_str     0x00000000000d5d61      0xa42 ./Drivers/STM32L4xx_HAL_Driver/Src/stm32l4xx_hal_adc.o
                                      0xd1c0a (size before relaxing)
 .debug_str     0x00000000000d67a3      0x31d ./Drivers/STM32L4xx_HAL_Driver/Src/stm32l4xx_hal_cortex.o
                                      0xd153d (size before relaxing)
 .debug_str     0x00000000000d6ac0      0x205 ./Drivers/STM32L4xx_HAL_Driver/Src/stm32l4xx_hal_dma.o
                                      0xd1076 (size before relaxing)
 .debug_str     0x00000000000d6cc5      0x15f ./Drivers/STM32L4xx_HAL_Driver/Src/stm32l4xx_hal_gpio.o
                                      0xd0f83 (size before relaxing)
 .debug_str     0x00000000000d6e24      0x43e ./Drivers/STM32L4xx_HAL_Driver/Src/stm32l4xx_hal_pwr_ex.o
                                      0xd12b7 (size before relaxing)
 .debug_str     0x00000000000d7262      0x38c ./Drivers/STM32L4xx_HAL_Driver/Src/stm32l4xx_hal_rcc.o
                                      0xd140f (size before relaxing)
 .debug_str     0x00000000000d75ee      0x540 ./Drivers/STM32L4xx_HAL_Driver/Src/stm32l4xx_hal_rcc_ex.o
                                      0xd166f (size before relaxing)
 .debug_str     0x00000000000d7b2e      0xd7d ./Drivers/STM32L4xx_HAL_Driver/Src/stm32l4xx_hal_tim.o
                                      0xd213c (size before relaxing)
 .debug_str     0x00000000000d88ab      0x57f ./Drivers/STM32L4xx_HAL_Driver/Src/stm32l4xx_hal_tim_ex.o
                                      0xd1a60 (size before relaxing)
 .debug_str     0x00000000000d8e2a      0x89c ./Drivers/STM32L4xx_HAL_Driver/Src/stm32l4xx_hal_uart.o
                                      0xd1b3f (size before relaxing)
 .debug_str     0x00000000000d96c6      0x1dd ./Drivers/STM32L4xx_HAL_Driver/Src/stm32l4xx_hal_uart_ex.o
                                      0xd134e (size before relaxing)

.comment        0x0000000000000000       0x50
 .comment       0x0000000000000000       0x50 ./Core/Library/Src/BadApple_data.o
                                         0x51 (size before relaxing)
 .comment       0x0000000000000050       0x51 ./Core/Library/Src/canvas.o
 .comment       0x0000000000000050       0x51 ./Core/Library/Src/ws2812.o
 .comment       0x0000000000000050       0x51 ./Core/Src/main.o
 .comment       0x0000000000000050       0x51 ./Core/Src/stm32l4xx_hal_msp.o
 .comment       0x0000000000000050       0x51 ./Core/Src/stm32l4xx_it.o
 .comment       0x0000000000000050       0x51 ./Core/Src/sysmem.o
 .comment       0x0000000000000050       0x51 ./Core/Src/system_stm32l4xx.o
 .comment       0x0000000000000050       0x51 ./Drivers/STM32L4xx_HAL_Driver/Src/stm32l4xx_hal.o
 .comment       0x0000000000000050       0x51 ./Drivers/STM32L4xx_HAL_Driver/Src/stm32l4xx_hal_adc.o
 .comment       0x0000000000000050       0x51 ./Drivers/STM32L4xx_HAL_Driver/Src/stm32l4xx_hal_cortex.o
 .comment       0x0000000000000050       0x51 ./Drivers/STM32L4xx_HAL_Driver/Src/stm32l4xx_hal_dma.o
 .comment       0x0000000000000050       0x51 ./Drivers/STM32L4xx_HAL_Driver/Src/stm32l4xx_hal_gpio.o
 .comment       0x0000000000000050       0x51 ./Drivers/STM32L4xx_HAL_Driver/Src/stm32l4xx_hal_pwr_ex.o
 .comment       0x0000000000000050       0x51 ./Drivers/STM32L4xx_HAL_Driver/Src/stm32l4xx_hal_rcc.o
 .comment       0x0000000000000050       0x51 ./Drivers/STM32L4xx_HAL_Driver/Src/stm32l4xx_hal_rcc_ex.o
 .comment       0x0000000000000050       0x51 ./Drivers/STM32L4xx_HAL_Driver/Src/stm32l4xx_hal_tim.o
 .comment       0x0000000000000050       0x51 ./Drivers/STM32L4xx_HAL_Driver/Src/stm32l4xx_hal_tim_ex.o
 .comment       0x0000000000000050       0x51 ./Drivers/STM32L4xx_HAL_Driver/Src/stm32l4xx_hal_uart.o
 .comment       0x0000000000000050       0x51 ./Drivers/STM32L4xx_HAL_Driver/Src/stm32l4xx_hal_uart_ex.o

.debug_ranges   0x0000000000000000     0x10f0
 .debug_ranges  0x0000000000000000       0x50 ./Core/Library/Src/canvas.o
 .debug_ranges  0x0000000000000050       0x38 ./Core/Library/Src/ws2812.o
 .debug_ranges  0x0000000000000088       0x48 ./Core/Src/main.o
 .debug_ranges  0x00000000000000d0       0x48 ./Core/Src/stm32l4xx_hal_msp.o
 .debug_ranges  0x0000000000000118       0x70 ./Core/Src/stm32l4xx_it.o
 .debug_ranges  0x0000000000000188       0x10 ./Core/Src/sysmem.o
 .debug_ranges  0x0000000000000198       0x18 ./Core/Src/system_stm32l4xx.o
 .debug_ranges  0x00000000000001b0       0x20 ./Core/Startup/startup_stm32l432kcux.o
 .debug_ranges  0x00000000000001d0       0xf8 ./Drivers/STM32L4xx_HAL_Driver/Src/stm32l4xx_hal.o
 .debug_ranges  0x00000000000002c8      0x200 ./Drivers/STM32L4xx_HAL_Driver/Src/stm32l4xx_hal_adc.o
 .debug_ranges  0x00000000000004c8      0x108 ./Drivers/STM32L4xx_HAL_Driver/Src/stm32l4xx_hal_cortex.o
 .debug_ranges  0x00000000000005d0       0x70 ./Drivers/STM32L4xx_HAL_Driver/Src/stm32l4xx_hal_dma.o
 .debug_ranges  0x0000000000000640       0x48 ./Drivers/STM32L4xx_HAL_Driver/Src/stm32l4xx_hal_gpio.o
 .debug_ranges  0x0000000000000688      0x118 ./Drivers/STM32L4xx_HAL_Driver/Src/stm32l4xx_hal_pwr_ex.o
 .debug_ranges  0x00000000000007a0       0x80 ./Drivers/STM32L4xx_HAL_Driver/Src/stm32l4xx_hal_rcc.o
 .debug_ranges  0x0000000000000820       0xe0 ./Drivers/STM32L4xx_HAL_Driver/Src/stm32l4xx_hal_rcc_ex.o
 .debug_ranges  0x0000000000000900      0x3d0 ./Drivers/STM32L4xx_HAL_Driver/Src/stm32l4xx_hal_tim.o
 .debug_ranges  0x0000000000000cd0      0x170 ./Drivers/STM32L4xx_HAL_Driver/Src/stm32l4xx_hal_tim_ex.o
 .debug_ranges  0x0000000000000e40      0x248 ./Drivers/STM32L4xx_HAL_Driver/Src/stm32l4xx_hal_uart.o
 .debug_ranges  0x0000000000001088       0x68 ./Drivers/STM32L4xx_HAL_Driver/Src/stm32l4xx_hal_uart_ex.o

.debug_frame    0x0000000000000000     0x4e28
 .debug_frame   0x0000000000000000      0x160 ./Core/Library/Src/canvas.o
 .debug_frame   0x0000000000000160       0xe4 ./Core/Library/Src/ws2812.o
 .debug_frame   0x0000000000000244      0x11c ./Core/Src/main.o
 .debug_frame   0x0000000000000360      0x13c ./Core/Src/stm32l4xx_hal_msp.o
 .debug_frame   0x000000000000049c      0x174 ./Core/Src/stm32l4xx_it.o
 .debug_frame   0x0000000000000610       0x34 ./Core/Src/sysmem.o
 .debug_frame   0x0000000000000644       0x58 ./Core/Src/system_stm32l4xx.o
 .debug_frame   0x000000000000069c      0x3dc ./Drivers/STM32L4xx_HAL_Driver/Src/stm32l4xx_hal.o
 .debug_frame   0x0000000000000a78      0x9b0 ./Drivers/STM32L4xx_HAL_Driver/Src/stm32l4xx_hal_adc.o
 .debug_frame   0x0000000000001428      0x498 ./Drivers/STM32L4xx_HAL_Driver/Src/stm32l4xx_hal_cortex.o
 .debug_frame   0x00000000000018c0      0x204 ./Drivers/STM32L4xx_HAL_Driver/Src/stm32l4xx_hal_dma.o
 .debug_frame   0x0000000000001ac4      0x14c ./Drivers/STM32L4xx_HAL_Driver/Src/stm32l4xx_hal_gpio.o
 .debug_frame   0x0000000000001c10      0x4a4 ./Drivers/STM32L4xx_HAL_Driver/Src/stm32l4xx_hal_pwr_ex.o
 .debug_frame   0x00000000000020b4      0x21c ./Drivers/STM32L4xx_HAL_Driver/Src/stm32l4xx_hal_rcc.o
 .debug_frame   0x00000000000022d0      0x3d0 ./Drivers/STM32L4xx_HAL_Driver/Src/stm32l4xx_hal_rcc_ex.o
 .debug_frame   0x00000000000026a0     0x121c ./Drivers/STM32L4xx_HAL_Driver/Src/stm32l4xx_hal_tim.o
 .debug_frame   0x00000000000038bc      0x6b0 ./Drivers/STM32L4xx_HAL_Driver/Src/stm32l4xx_hal_tim_ex.o
 .debug_frame   0x0000000000003f6c      0x9f4 ./Drivers/STM32L4xx_HAL_Driver/Src/stm32l4xx_hal_uart.o
 .debug_frame   0x0000000000004960      0x1e0 ./Drivers/STM32L4xx_HAL_Driver/Src/stm32l4xx_hal_uart_ex.o
 .debug_frame   0x0000000000004b40       0x20 c:/st/stm32cubeide_1.5.1/stm32cubeide/plugins/com.st.stm32cube.ide.mcu.externaltools.gnu-tools-for-stm32.10.3-2021.10.win32_1.0.200.202301161003/tools/bin/../lib/gcc/arm-none-eabi/10.3.1/../../../../arm-none-eabi/lib/thumb/v7e-m+fp/hard\libc_nano.a(lib_a-errno.o)
 .debug_frame   0x0000000000004b60       0x2c c:/st/stm32cubeide_1.5.1/stm32cubeide/plugins/com.st.stm32cube.ide.mcu.externaltools.gnu-tools-for-stm32.10.3-2021.10.win32_1.0.200.202301161003/tools/bin/../lib/gcc/arm-none-eabi/10.3.1/../../../../arm-none-eabi/lib/thumb/v7e-m+fp/hard\libc_nano.a(lib_a-init.o)
 .debug_frame   0x0000000000004b8c       0x30 c:/st/stm32cubeide_1.5.1/stm32cubeide/plugins/com.st.stm32cube.ide.mcu.externaltools.gnu-tools-for-stm32.10.3-2021.10.win32_1.0.200.202301161003/tools/bin/../lib/gcc/arm-none-eabi/10.3.1/../../../../arm-none-eabi/lib/thumb/v7e-m+fp/hard\libc_nano.a(lib_a-malloc.o)
 .debug_frame   0x0000000000004bbc       0x20 c:/st/stm32cubeide_1.5.1/stm32cubeide/plugins/com.st.stm32cube.ide.mcu.externaltools.gnu-tools-for-stm32.10.3-2021.10.win32_1.0.200.202301161003/tools/bin/../lib/gcc/arm-none-eabi/10.3.1/../../../../arm-none-eabi/lib/thumb/v7e-m+fp/hard\libc_nano.a(lib_a-memset.o)
 .debug_frame   0x0000000000004bdc       0x38 c:/st/stm32cubeide_1.5.1/stm32cubeide/plugins/com.st.stm32cube.ide.mcu.externaltools.gnu-tools-for-stm32.10.3-2021.10.win32_1.0.200.202301161003/tools/bin/../lib/gcc/arm-none-eabi/10.3.1/../../../../arm-none-eabi/lib/thumb/v7e-m+fp/hard\libc_nano.a(lib_a-nano-freer.o)
 .debug_frame   0x0000000000004c14       0x4c c:/st/stm32cubeide_1.5.1/stm32cubeide/plugins/com.st.stm32cube.ide.mcu.externaltools.gnu-tools-for-stm32.10.3-2021.10.win32_1.0.200.202301161003/tools/bin/../lib/gcc/arm-none-eabi/10.3.1/../../../../arm-none-eabi/lib/thumb/v7e-m+fp/hard\libc_nano.a(lib_a-nano-mallocr.o)
 .debug_frame   0x0000000000004c60       0x2c c:/st/stm32cubeide_1.5.1/stm32cubeide/plugins/com.st.stm32cube.ide.mcu.externaltools.gnu-tools-for-stm32.10.3-2021.10.win32_1.0.200.202301161003/tools/bin/../lib/gcc/arm-none-eabi/10.3.1/../../../../arm-none-eabi/lib/thumb/v7e-m+fp/hard\libc_nano.a(lib_a-sbrkr.o)
 .debug_frame   0x0000000000004c8c       0x30 c:/st/stm32cubeide_1.5.1/stm32cubeide/plugins/com.st.stm32cube.ide.mcu.externaltools.gnu-tools-for-stm32.10.3-2021.10.win32_1.0.200.202301161003/tools/bin/../lib/gcc/arm-none-eabi/10.3.1/../../../../arm-none-eabi/lib/thumb/v7e-m+fp/hard\libc_nano.a(lib_a-mlock.o)
 .debug_frame   0x0000000000004cbc       0x5c c:/st/stm32cubeide_1.5.1/stm32cubeide/plugins/com.st.stm32cube.ide.mcu.externaltools.gnu-tools-for-stm32.10.3-2021.10.win32_1.0.200.202301161003/tools/bin/../lib/gcc/arm-none-eabi/10.3.1/../../../../arm-none-eabi/lib/thumb/v7e-m+fp/hard\libc_nano.a(lib_a-reent.o)
 .debug_frame   0x0000000000004d18       0xb0 c:/st/stm32cubeide_1.5.1/stm32cubeide/plugins/com.st.stm32cube.ide.mcu.externaltools.gnu-tools-for-stm32.10.3-2021.10.win32_1.0.200.202301161003/tools/bin/../lib/gcc/arm-none-eabi/10.3.1/../../../../arm-none-eabi/lib/thumb/v7e-m+fp/hard\libc_nano.a(lib_a-lock.o)
 .debug_frame   0x0000000000004dc8       0x2c c:/st/stm32cubeide_1.5.1/stm32cubeide/plugins/com.st.stm32cube.ide.mcu.externaltools.gnu-tools-for-stm32.10.3-2021.10.win32_1.0.200.202301161003/tools/bin/../lib/gcc/arm-none-eabi/10.3.1/thumb/v7e-m+fp/hard\libgcc.a(_aeabi_uldivmod.o)
 .debug_frame   0x0000000000004df4       0x34 c:/st/stm32cubeide_1.5.1/stm32cubeide/plugins/com.st.stm32cube.ide.mcu.externaltools.gnu-tools-for-stm32.10.3-2021.10.win32_1.0.200.202301161003/tools/bin/../lib/gcc/arm-none-eabi/10.3.1/thumb/v7e-m+fp/hard\libgcc.a(_udivmoddi4.o)
